[23:33:23] [cam09] HUMAN_ARM_SWING | conf=0.95 | bbox=[131,38,168,121] | Phát hiện vung tay mạnh liên tục | snapshot=alert_1.jpg crop=alert_1_crop.jpg
[23:33:24] [cam09] HUMAN_ARM_SWING | conf=0.95 | bbox=[130,42,166,120] | Phát hiện vung tay mạnh liên tục | snapshot=alert_2.jpg crop=alert_2_crop.jpg
[23:35:15] [cam10] HUMAN_FALL | conf=0.9 | bbox=[302,223,493,381] | Phát hiện người bị ngã | snapshot=alert_1.jpg crop=alert_1_crop.jpg
[23:35:16] [cam10] HUMAN_FALL | conf=0.9 | bbox=[303,223,492,381] | Phát hiện người bị ngã | snapshot=alert_2.jpg crop=alert_2_crop.jpg
[23:35:16] [cam10] HUMAN_FALL | conf=0.9 | bbox=[304,223,491,379] | Phát hiện người bị ngã | snapshot=alert_3.jpg crop=alert_3_crop.jpg
[23:35:17] [cam10] HUMAN_FALL | conf=0.9 | bbox=[305,222,491,377] | Phát hiện người bị ngã | snapshot=alert_4.jpg crop=alert_4_crop.jpg
[23:35:17] [cam10] HUMAN_FALL | conf=0.9 | bbox=[305,222,491,377] | Phát hiện người bị ngã | snapshot=alert_5.jpg crop=alert_5_crop.jpg
[23:35:18] [cam10] HUMAN_FALL | conf=0.9 | bbox=[305,222,491,378] | Phát hiện người bị ngã | snapshot=alert_6.jpg crop=alert_6_crop.jpg
[23:35:18] [cam10] HUMAN_FALL | conf=0.9 | bbox=[306,222,491,376] | Phát hiện người bị ngã | snapshot=alert_7.jpg crop=alert_7_crop.jpg
[23:35:19] [cam10] HUMAN_FALL | conf=0.9 | bbox=[307,222,491,375] | Phát hiện người bị ngã | snapshot=alert_8.jpg crop=alert_8_crop.jpg
[23:35:19] [cam10] HUMAN_FALL | conf=0.9 | bbox=[308,222,490,374] | Phát hiện người bị ngã | snapshot=alert_9.jpg crop=alert_9_crop.jpg
[23:35:19] [cam10] HUMAN_FALL | conf=0.9 | bbox=[308,222,490,374] | Phát hiện người bị ngã | snapshot=alert_10.jpg crop=alert_10_crop.jpg
[23:35:20] [cam10] HUMAN_FALL | conf=0.9 | bbox=[304,222,492,379] | Phát hiện người bị ngã | snapshot=alert_11.jpg crop=alert_11_crop.jpg
[23:35:20] [cam10] HUMAN_FALL | conf=0.9 | bbox=[303,223,492,380] | Phát hiện người bị ngã | snapshot=alert_12.jpg crop=alert_12_crop.jpg
[23:35:20] [cam10] HUMAN_FALL | conf=0.9 | bbox=[303,223,492,381] | Phát hiện người bị ngã | snapshot=alert_13.jpg crop=alert_13_crop.jpg
[23:35:21] [cam10] HUMAN_FALL | conf=0.9 | bbox=[303,223,492,381] | Phát hiện người bị ngã | snapshot=alert_14.jpg crop=alert_14_crop.jpg
[23:35:22] [cam10] HUMAN_FALL | conf=0.9 | bbox=[305,223,491,379] | Phát hiện người bị ngã | snapshot=alert_15.jpg crop=alert_15_crop.jpg
[23:35:39] [cam10] FIRE_DETECTED | conf=0.943 | bbox=[160,0,320,128] | Phát hiện đám cháy tại ô Fire_Risk_Zone_10|r0c1 | snapshot=alert_16.jpg crop=alert_16_crop.jpg
[23:35:39] [cam10] FIRE_DETECTED | conf=0.952 | bbox=[320,0,480,128] | Phát hiện đám cháy tại ô Fire_Risk_Zone_10|r0c2 | snapshot=alert_17.jpg crop=alert_17_crop.jpg
[23:35:39] [cam10] FIRE_DETECTED | conf=0.951 | bbox=[320,128,480,256] | Phát hiện đám cháy tại ô Fire_Risk_Zone_10|r1c2 | snapshot=alert_18.jpg crop=alert_18_crop.jpg
[23:35:39] [cam10] FIRE_DETECTED | conf=0.948 | bbox=[160,256,320,384] | Phát hiện đám cháy tại ô Fire_Risk_Zone_10|r2c1 | snapshot=alert_19.jpg crop=alert_19_crop.jpg
[23:35:39] [cam10] FIRE_DETECTED | conf=0.947 | bbox=[320,256,480,384] | Phát hiện đám cháy tại ô Fire_Risk_Zone_10|r2c2 | snapshot=alert_20.jpg crop=alert_20_crop.jpg
[23:35:55] [cam10] FIRE_DETECTED | conf=0.95 | bbox=[320,0,480,128] | Phát hiện đám cháy tại ô Fire_Risk_Zone_10|r0c2 | snapshot=alert_21.jpg crop=alert_21_crop.jpg
[23:35:55] [cam10] FIRE_DETECTED | conf=0.98 | bbox=[320,128,480,256] | Phát hiện đám cháy tại ô Fire_Risk_Zone_10|r1c2 | snapshot=alert_22.jpg crop=alert_22_crop.jpg
[23:35:55] [cam10] FIRE_DETECTED | conf=0.98 | bbox=[160,256,320,384] | Phát hiện đám cháy tại ô Fire_Risk_Zone_10|r2c1 | snapshot=alert_23.jpg crop=alert_23_crop.jpg
[23:35:56] [cam10] FIRE_DETECTED | conf=0.98 | bbox=[160,0,320,128] | Phát hiện đám cháy tại ô Fire_Risk_Zone_10|r0c1 | snapshot=alert_24.jpg crop=alert_24_crop.jpg
[23:36:12] [cam10] FIRE_DETECTED | conf=0.954 | bbox=[320,0,480,128] | Phát hiện đám cháy tại ô Fire_Risk_Zone_10|r0c2 | snapshot=alert_25.jpg crop=alert_25_crop.jpg
[23:36:12] [cam10] FIRE_DETECTED | conf=0.946 | bbox=[320,128,480,256] | Phát hiện đám cháy tại ô Fire_Risk_Zone_10|r1c2 | snapshot=alert_26.jpg crop=alert_26_crop.jpg
[23:41:31] [cam10] VEHICLE_STOP_ANOMALY | conf=0.9 | bbox=[319,44,528,219] | Xe tai nạn / dừng bất thường giữa đường | evidence=id=5 cls=2 speed=0.379 | snapshot=alert_1.jpg crop=alert_1_crop.jpg
[23:41:34] [cam10] VEHICLE_COLLISION | conf=0.937 | bbox=[303,43,553,221] | Phát hiện va chạm phương tiện/vật thể | evidence=id=3 cls=2 speed=62.573;id=5 cls=2 speed=11.5 | snapshot=alert_2.jpg crop=alert_2_crop.jpg
[23:41:34] [cam10] VEHICLE_COLLISION | conf=0.912 | bbox=[293,43,542,223] | Phát hiện va chạm phương tiện/vật thể | evidence=id=3 cls=2 speed=41.799;id=5 cls=2 speed=22.384 | snapshot=alert_3.jpg crop=alert_3_crop.jpg
[23:41:52] [cam10] SMOKE_DETECTED | conf=0.98 | bbox=[480,0,640,128] | Phát hiện khói bất thường tại ô Fire_Risk_Zone_10|r0c3 | evidence=none | snapshot=alert_4.jpg crop=alert_4_crop.jpg
[23:41:53] [cam10] SMOKE_DETECTED | conf=0.98 | bbox=[0,0,160,128] | Phát hiện khói bất thường tại ô Fire_Risk_Zone_10|r0c0 | evidence=none | snapshot=alert_5.jpg crop=alert_5_crop.jpg
[23:41:54] [cam10] SMOKE_DETECTED | conf=0.98 | bbox=[320,0,480,128] | Phát hiện khói bất thường tại ô Fire_Risk_Zone_10|r0c2 | evidence=none | snapshot=alert_6.jpg crop=alert_6_crop.jpg
[23:41:54] [cam10] SMOKE_DETECTED | conf=0.98 | bbox=[160,0,320,128] | Phát hiện khói bất thường tại ô Fire_Risk_Zone_10|r0c1 | evidence=none | snapshot=alert_7.jpg crop=alert_7_crop.jpg
[23:41:55] [cam10] SMOKE_DETECTED | conf=0.98 | bbox=[0,128,160,256] | Phát hiện khói bất thường tại ô Fire_Risk_Zone_10|r1c0 | evidence=none | snapshot=alert_8.jpg crop=alert_8_crop.jpg
[23:41:56] [cam10] SMOKE_DETECTED | conf=0.98 | bbox=[160,256,320,384] | Phát hiện khói bất thường tại ô Fire_Risk_Zone_10|r2c1 | evidence=none | snapshot=alert_9.jpg crop=alert_9_crop.jpg
[23:42:07] [cam10] SMOKE_DETECTED | conf=0.98 | bbox=[320,0,480,128] | Phát hiện khói bất thường tại ô Fire_Risk_Zone_10|r0c2 | evidence=none | snapshot=alert_10.jpg crop=alert_10_crop.jpg
[07:04:00] [cam09] HUMAN_ARM_SWING | conf=0.95 | bbox=[131,38,168,121] | Phát hiện vung tay mạnh liên tục | evidence=id=2 cls=0 speed=7.06 | snapshot=alert_1.jpg crop=alert_1_crop.jpg
[07:04:00] [cam09] HUMAN_ARM_SWING | conf=0.95 | bbox=[130,42,166,120] | Phát hiện vung tay mạnh liên tục | evidence=id=2 cls=0 speed=6.267 | snapshot=alert_2.jpg crop=alert_2_crop.jpg
[07:04:14] [cam09] FIRE_DETECTED | conf=0.939 | bbox=[160,128,320,256] | Phát hiện đám cháy tại ô Fire_Risk_Zone_09|r1c1 | evidence=none | snapshot=alert_3.jpg crop=alert_3_crop.jpg
[07:04:21] [cam09] HUMAN_ARM_SWING | conf=0.95 | bbox=[517,0,541,66] | Phát hiện vung tay mạnh liên tục | evidence=id=3 cls=0 speed=2.961 | snapshot=alert_4.jpg crop=alert_4_crop.jpg
[07:04:21] [cam09] HUMAN_ARM_SWING | conf=0.95 | bbox=[517,0,540,67] | Phát hiện vung tay mạnh liên tục | evidence=id=3 cls=0 speed=1.462 | snapshot=alert_5.jpg crop=alert_5_crop.jpg
[07:04:21] [cam09] HUMAN_ARM_SWING | conf=0.95 | bbox=[516,0,539,66] | Phát hiện vung tay mạnh liên tục | evidence=id=3 cls=0 speed=1.903 | snapshot=alert_6.jpg crop=alert_6_crop.jpg
[07:04:22] [cam09] HUMAN_ARM_SWING | conf=0.95 | bbox=[516,0,539,66] | Phát hiện vung tay mạnh liên tục | evidence=id=3 cls=0 speed=0.272 | snapshot=alert_7.jpg crop=alert_7_crop.jpg
[07:04:22] [cam09] HUMAN_ARM_SWING | conf=0.95 | bbox=[516,0,538,66] | Phát hiện vung tay mạnh liên tục | evidence=id=3 cls=0 speed=1.208 | snapshot=alert_8.jpg crop=alert_8_crop.jpg
[07:04:23] [cam09] HUMAN_ARM_SWING | conf=0.95 | bbox=[516,0,539,66] | Phát hiện vung tay mạnh liên tục | evidence=id=3 cls=0 speed=1.501 | snapshot=alert_9.jpg crop=alert_9_crop.jpg
[07:04:23] [cam09] HUMAN_ARM_SWING | conf=0.95 | bbox=[516,0,539,65] | Phát hiện vung tay mạnh liên tục | evidence=id=3 cls=0 speed=0.538 | snapshot=alert_10.jpg crop=alert_10_crop.jpg
[07:04:23] [cam09] HUMAN_ARM_SWING | conf=0.95 | bbox=[517,0,539,64] | Phát hiện vung tay mạnh liên tục | evidence=id=3 cls=0 speed=1.705 | snapshot=alert_11.jpg crop=alert_11_crop.jpg
[07:04:24] [cam09] HUMAN_ARM_SWING | conf=0.95 | bbox=[517,0,539,63] | Phát hiện vung tay mạnh liên tục | evidence=id=3 cls=0 speed=1.307 | snapshot=alert_12.jpg crop=alert_12_crop.jpg
[07:04:24] [cam09] HUMAN_ARM_SWING | conf=0.95 | bbox=[518,0,540,63] | Phát hiện vung tay mạnh liên tục | evidence=id=3 cls=0 speed=1.875 | snapshot=alert_13.jpg crop=alert_13_crop.jpg
[07:04:24] [cam09] HUMAN_ARM_SWING | conf=0.95 | bbox=[519,0,541,63] | Phát hiện vung tay mạnh liên tục | evidence=id=3 cls=0 speed=3.148 | snapshot=alert_14.jpg crop=alert_14_crop.jpg
[07:04:25] [cam09] HUMAN_ARM_SWING | conf=0.95 | bbox=[519,0,542,64] | Phát hiện vung tay mạnh liên tục | evidence=id=3 cls=0 speed=2.152 | snapshot=alert_15.jpg crop=alert_15_crop.jpg
[07:04:25] [cam09] HUMAN_ARM_SWING | conf=0.95 | bbox=[520,0,544,65] | Phát hiện vung tay mạnh liên tục | evidence=id=3 cls=0 speed=3.989 | snapshot=alert_16.jpg crop=alert_16_crop.jpg
[07:04:25] [cam09] HUMAN_ARM_SWING | conf=0.95 | bbox=[520,0,544,66] | Phát hiện vung tay mạnh liên tục | evidence=id=3 cls=0 speed=1.341 | snapshot=alert_17.jpg crop=alert_17_crop.jpg
[07:04:26] [cam09] HUMAN_ARM_SWING | conf=0.95 | bbox=[521,0,545,65] | Phát hiện vung tay mạnh liên tục | evidence=id=3 cls=0 speed=1.008 | snapshot=alert_18.jpg crop=alert_18_crop.jpg
[07:04:26] [cam09] HUMAN_ARM_SWING | conf=0.95 | bbox=[521,0,545,66] | Phát hiện vung tay mạnh liên tục | evidence=id=3 cls=0 speed=1.318 | snapshot=alert_19.jpg crop=alert_19_crop.jpg
[07:04:27] [cam09] HUMAN_ARM_SWING | conf=0.95 | bbox=[521,0,545,66] | Phát hiện vung tay mạnh liên tục | evidence=id=3 cls=0 speed=0.799 | snapshot=alert_20.jpg crop=alert_20_crop.jpg
[07:04:27] [cam09] HUMAN_ARM_SWING | conf=0.95 | bbox=[521,0,545,65] | Phát hiện vung tay mạnh liên tục | evidence=id=3 cls=0 speed=0.433 | snapshot=alert_21.jpg crop=alert_21_crop.jpg
[07:04:27] [cam09] HUMAN_ARM_SWING | conf=0.95 | bbox=[522,0,545,63] | Phát hiện vung tay mạnh liên tục | evidence=id=3 cls=0 speed=3.194 | snapshot=alert_22.jpg crop=alert_22_crop.jpg
[07:04:32] [cam09] FIRE_DETECTED | conf=0.939 | bbox=[160,128,320,256] | Phát hiện đám cháy tại ô Fire_Risk_Zone_09|r1c1 | evidence=none | snapshot=alert_23.jpg crop=alert_23_crop.jpg
[07:04:45] [cam09] FIRE_DETECTED | conf=0.939 | bbox=[160,128,320,256] | Phát hiện đám cháy tại ô Fire_Risk_Zone_09|r1c1 | evidence=none | snapshot=alert_24.jpg crop=alert_24_crop.jpg
[07:04:49] [cam09] HUMAN_ARM_SWING | conf=0.95 | bbox=[149,30,196,136] | Phát hiện vung tay mạnh liên tục | evidence=id=10 cls=0 speed=14.545 | snapshot=alert_25.jpg crop=alert_25_crop.jpg
[07:04:49] [cam09] HUMAN_ARM_SWING | conf=0.95 | bbox=[151,34,199,143] | Phát hiện vung tay mạnh liên tục | evidence=id=10 cls=0 speed=17.103 | snapshot=alert_26.jpg crop=alert_26_crop.jpg
[07:04:50] [cam09] HUMAN_ARM_SWING | conf=0.95 | bbox=[157,45,201,145] | Phát hiện vung tay mạnh liên tục | evidence=id=10 cls=0 speed=24.035 | snapshot=alert_27.jpg crop=alert_27_crop.jpg
[07:04:50] [cam09] HUMAN_ARM_SWING | conf=0.95 | bbox=[163,53,203,146] | Phát hiện vung tay mạnh liên tục | evidence=id=10 cls=0 speed=18.257 | snapshot=alert_28.jpg crop=alert_28_crop.jpg
[07:04:51] [cam09] HUMAN_ARM_SWING | conf=0.95 | bbox=[175,51,221,155] | Phát hiện vung tay mạnh liên tục | evidence=id=10 cls=0 speed=4.583 | snapshot=alert_29.jpg crop=alert_29_crop.jpg
[07:04:52] [cam09] HUMAN_ARM_SWING | conf=0.95 | bbox=[178,49,226,157] | Phát hiện vung tay mạnh liên tục | evidence=id=10 cls=0 speed=7.978 | snapshot=alert_30.jpg crop=alert_30_crop.jpg
[07:04:53] [cam09] HUMAN_ARM_SWING | conf=0.95 | bbox=[179,48,228,158] | Phát hiện vung tay mạnh liên tục | evidence=id=10 cls=0 speed=2.458 | snapshot=alert_31.jpg crop=alert_31_crop.jpg
[07:04:53] [cam09] HUMAN_ARM_SWING | conf=0.95 | bbox=[182,48,232,160] | Phát hiện vung tay mạnh liên tục | evidence=id=10 cls=0 speed=4.92 | snapshot=alert_32.jpg crop=alert_32_crop.jpg
[07:04:54] [cam09] HUMAN_ARM_SWING | conf=0.95 | bbox=[180,49,234,171] | Phát hiện vung tay mạnh liên tục | evidence=id=10 cls=0 speed=10.34 | snapshot=alert_33.jpg crop=alert_33_crop.jpg
[07:04:54] [cam09] HUMAN_ARM_SWING | conf=0.95 | bbox=[182,53,236,176] | Phát hiện vung tay mạnh liên tục | evidence=id=10 cls=0 speed=9.99 | snapshot=alert_34.jpg crop=alert_34_crop.jpg
[07:04:55] [cam09] HUMAN_ARM_SWING | conf=0.95 | bbox=[186,61,238,180] | Phát hiện vung tay mạnh liên tục | evidence=id=10 cls=0 speed=10.971 | snapshot=alert_35.jpg crop=alert_35_crop.jpg
[07:04:55] [cam09] HUMAN_ARM_SWING | conf=0.95 | bbox=[187,60,239,181] | Phát hiện vung tay mạnh liên tục | evidence=id=10 cls=0 speed=1.868 | snapshot=alert_36.jpg crop=alert_36_crop.jpg
[07:04:56] [cam09] HUMAN_ARM_SWING | conf=0.95 | bbox=[189,60,240,180] | Phát hiện vung tay mạnh liên tục | evidence=id=10 cls=0 speed=3.309 | snapshot=alert_37.jpg crop=alert_37_crop.jpg
[07:04:56] [cam09] HUMAN_ARM_SWING | conf=0.95 | bbox=[191,61,242,180] | Phát hiện vung tay mạnh liên tục | evidence=id=10 cls=0 speed=6.118 | snapshot=alert_38.jpg crop=alert_38_crop.jpg
[07:04:56] [cam09] HUMAN_ARM_SWING | conf=0.95 | bbox=[196,63,249,187] | Phát hiện vung tay mạnh liên tục | evidence=id=10 cls=0 speed=23.737 | snapshot=alert_39.jpg crop=alert_39_crop.jpg
[07:04:57] [cam09] HUMAN_ARM_SWING | conf=0.95 | bbox=[204,85,254,201] | Phát hiện vung tay mạnh liên tục | evidence=id=10 cls=0 speed=15.837 | snapshot=alert_40.jpg crop=alert_40_crop.jpg
[07:04:58] [cam09] HUMAN_ARM_SWING | conf=0.95 | bbox=[204,78,257,203] | Phát hiện vung tay mạnh liên tục | evidence=id=10 cls=0 speed=7.995 | snapshot=alert_41.jpg crop=alert_41_crop.jpg
[07:04:58] [cam09] HUMAN_ARM_SWING | conf=0.95 | bbox=[204,76,259,206] | Phát hiện vung tay mạnh liên tục | evidence=id=10 cls=0 speed=3.27 | snapshot=alert_42.jpg crop=alert_42_crop.jpg
[07:04:58] [cam09] HUMAN_ARM_SWING | conf=0.95 | bbox=[203,77,261,214] | Phát hiện vung tay mạnh liên tục | evidence=id=10 cls=0 speed=14.386 | snapshot=alert_43.jpg crop=alert_43_crop.jpg
[07:04:59] [cam09] HUMAN_ARM_SWING | conf=0.95 | bbox=[201,81,261,221] | Phát hiện vung tay mạnh liên tục | evidence=id=10 cls=0 speed=8.241 | snapshot=alert_44.jpg crop=alert_44_crop.jpg
[07:04:59] [cam09] HUMAN_ARM_SWING | conf=0.95 | bbox=[198,85,260,232] | Phát hiện vung tay mạnh liên tục | evidence=id=10 cls=0 speed=25.617 | snapshot=alert_45.jpg crop=alert_45_crop.jpg
[07:05:00] [cam09] HUMAN_ARM_SWING | conf=0.95 | bbox=[197,89,258,236] | Phát hiện vung tay mạnh liên tục | evidence=id=10 cls=0 speed=14.92 | snapshot=alert_46.jpg crop=alert_46_crop.jpg
[07:05:01] [cam09] HUMAN_ARM_SWING | conf=0.95 | bbox=[412,111,458,201] | Phát hiện vung tay mạnh liên tục | evidence=id=1 cls=0 speed=0.609 | snapshot=alert_47.jpg crop=alert_47_crop.jpg
[07:05:02] [cam09] HUMAN_ARM_SWING | conf=0.95 | bbox=[411,109,459,202] | Phát hiện vung tay mạnh liên tục | evidence=id=1 cls=0 speed=1.029 | snapshot=alert_48.jpg crop=alert_48_crop.jpg
[07:05:02] [cam09] FIRE_DETECTED | conf=0.939 | bbox=[160,128,320,256] | Phát hiện đám cháy tại ô Fire_Risk_Zone_09|r1c1 | evidence=none | snapshot=alert_49.jpg crop=alert_49_crop.jpg
[07:05:02] [cam09] HUMAN_ARM_SWING | conf=0.95 | bbox=[411,108,459,203] | Phát hiện vung tay mạnh liên tục | evidence=id=1 cls=0 speed=0.239 | snapshot=alert_50.jpg crop=alert_50_crop.jpg
[07:05:02] [cam09] HUMAN_ARM_SWING | conf=0.95 | bbox=[411,108,459,203] | Phát hiện vung tay mạnh liên tục | evidence=id=1 cls=0 speed=0.178 | snapshot=alert_51.jpg crop=alert_51_crop.jpg
[07:05:11] [cam09] HUMAN_ARM_SWING | conf=0.95 | bbox=[418,98,468,206] | Phát hiện vung tay mạnh liên tục | evidence=id=1 cls=0 speed=0.253 | snapshot=alert_52.jpg crop=alert_52_crop.jpg
[07:05:12] [cam09] HUMAN_ARM_SWING | conf=0.95 | bbox=[285,32,320,148] | Phát hiện vung tay mạnh liên tục | evidence=id=15 cls=0 speed=11.291 | snapshot=alert_53.jpg crop=alert_53_crop.jpg
[07:05:12] [cam09] HUMAN_ARM_SWING | conf=0.95 | bbox=[286,40,319,147] | Phát hiện vung tay mạnh liên tục | evidence=id=15 cls=0 speed=10.389 | snapshot=alert_54.jpg crop=alert_54_crop.jpg
[07:05:13] [cam09] HUMAN_ARM_SWING | conf=0.95 | bbox=[286,44,318,147] | Phát hiện vung tay mạnh liên tục | evidence=id=15 cls=0 speed=5.16 | snapshot=alert_55.jpg crop=alert_55_crop.jpg
[07:05:13] [cam09] HUMAN_ARM_SWING | conf=0.95 | bbox=[286,47,318,147] | Phát hiện vung tay mạnh liên tục | evidence=id=15 cls=0 speed=5.115 | snapshot=alert_56.jpg crop=alert_56_crop.jpg
[07:05:14] [cam09] HUMAN_ARM_SWING | conf=0.95 | bbox=[286,52,317,147] | Phát hiện vung tay mạnh liên tục | evidence=id=15 cls=0 speed=7.819 | snapshot=alert_57.jpg crop=alert_57_crop.jpg
[07:05:14] [cam09] HUMAN_ARM_SWING | conf=0.95 | bbox=[286,53,317,147] | Phát hiện vung tay mạnh liên tục | evidence=id=15 cls=0 speed=1.158 | snapshot=alert_58.jpg crop=alert_58_crop.jpg
[07:05:20] [cam09] HUMAN_ARM_SWING | conf=0.95 | bbox=[403,99,464,202] | Phát hiện vung tay mạnh liên tục | evidence=id=17 cls=0 speed=0.379 | snapshot=alert_59.jpg crop=alert_59_crop.jpg
[07:05:20] [cam09] HUMAN_ARM_SWING | conf=0.95 | bbox=[420,99,465,206] | Phát hiện vung tay mạnh liên tục | evidence=id=1 cls=0 speed=0.232 | snapshot=alert_60.jpg crop=alert_60_crop.jpg
[07:05:21] [cam09] HUMAN_ARM_SWING | conf=0.95 | bbox=[420,99,465,206] | Phát hiện vung tay mạnh liên tục | evidence=id=1 cls=0 speed=0.135 | snapshot=alert_61.jpg crop=alert_61_crop.jpg
[07:05:21] [cam09] FIRE_DETECTED | conf=0.939 | bbox=[160,128,320,256] | Phát hiện đám cháy tại ô Fire_Risk_Zone_09|r1c1 | evidence=none | snapshot=alert_62.jpg crop=alert_62_crop.jpg
[07:05:21] [cam09] HUMAN_ARM_SWING | conf=0.95 | bbox=[421,99,465,206] | Phát hiện vung tay mạnh liên tục | evidence=id=1 cls=0 speed=0.106 | snapshot=alert_63.jpg crop=alert_63_crop.jpg
[07:05:35] [cam09] HUMAN_ARM_SWING | conf=0.95 | bbox=[342,1,395,100] | Phát hiện vung tay mạnh liên tục | evidence=id=19 cls=0 speed=1.314 | snapshot=alert_64.jpg crop=alert_64_crop.jpg
[07:05:35] [cam09] HUMAN_ARM_SWING | conf=0.95 | bbox=[343,1,395,99] | Phát hiện vung tay mạnh liên tục | evidence=id=19 cls=0 speed=1.225 | snapshot=alert_65.jpg crop=alert_65_crop.jpg
[07:05:36] [cam09] HUMAN_ARM_SWING | conf=0.95 | bbox=[343,1,394,99] | Phát hiện vung tay mạnh liên tục | evidence=id=19 cls=0 speed=1.442 | snapshot=alert_66.jpg crop=alert_66_crop.jpg
[07:05:36] [cam09] HUMAN_ARM_SWING | conf=0.95 | bbox=[343,1,393,99] | Phát hiện vung tay mạnh liên tục | evidence=id=19 cls=0 speed=2.174 | snapshot=alert_67.jpg crop=alert_67_crop.jpg
[07:05:36] [cam09] HUMAN_ARM_SWING | conf=0.95 | bbox=[342,2,391,100] | Phát hiện vung tay mạnh liên tục | evidence=id=19 cls=0 speed=4.879 | snapshot=alert_68.jpg crop=alert_68_crop.jpg
[07:05:37] [cam09] HUMAN_ARM_SWING | conf=0.95 | bbox=[341,3,389,100] | Phát hiện vung tay mạnh liên tục | evidence=id=19 cls=0 speed=3.511 | snapshot=alert_69.jpg crop=alert_69_crop.jpg
[07:05:37] [cam09] HUMAN_ARM_SWING | conf=0.95 | bbox=[340,3,387,99] | Phát hiện vung tay mạnh liên tục | evidence=id=19 cls=0 speed=4.593 | snapshot=alert_70.jpg crop=alert_70_crop.jpg
[07:05:37] [cam09] HUMAN_ARM_SWING | conf=0.95 | bbox=[341,4,386,99] | Phát hiện vung tay mạnh liên tục | evidence=id=19 cls=0 speed=1.791 | snapshot=alert_71.jpg crop=alert_71_crop.jpg
[07:05:38] [cam09] HUMAN_ARM_SWING | conf=0.95 | bbox=[342,5,386,100] | Phát hiện vung tay mạnh liên tục | evidence=id=19 cls=0 speed=1.573 | snapshot=alert_72.jpg crop=alert_72_crop.jpg
[07:11:46] [cam09] HUMAN_CONFLICT | conf=1.0 | bbox=[498,0,574,74] | Phát hiện xô xát/đánh nhau/giằng co | evidence=id=14 cls=0 speed=2.943;id=24 cls=0 speed=10.973 | snapshot=alert_1.jpg crop=alert_1_crop.jpg
[07:11:46] [cam09] HUMAN_CONFLICT | conf=1.0 | bbox=[504,1,574,65] | Phát hiện xô xát/đánh nhau/giằng co | evidence=id=14 cls=0 speed=2.417;id=24 cls=0 speed=12.148 | snapshot=alert_2.jpg crop=alert_2_crop.jpg
[07:11:47] [cam09] HUMAN_CONFLICT | conf=1.0 | bbox=[508,1,575,61] | Phát hiện xô xát/đánh nhau/giằng co | evidence=id=14 cls=0 speed=2.447;id=24 cls=0 speed=12.403 | snapshot=alert_3.jpg crop=alert_3_crop.jpg
[07:11:47] [cam09] HUMAN_CONFLICT | conf=1.0 | bbox=[510,1,574,59] | Phát hiện xô xát/đánh nhau/giằng co | evidence=id=14 cls=0 speed=4.258;id=24 cls=0 speed=8.919 | snapshot=alert_4.jpg crop=alert_4_crop.jpg
[07:11:47] [cam09] HUMAN_CONFLICT | conf=1.0 | bbox=[513,1,573,58] | Phát hiện xô xát/đánh nhau/giằng co | evidence=id=14 cls=0 speed=5.844;id=24 cls=0 speed=7.215 | snapshot=alert_5.jpg crop=alert_5_crop.jpg
[07:11:48] [cam09] HUMAN_CONFLICT | conf=1.0 | bbox=[516,0,572,63] | Phát hiện xô xát/đánh nhau/giằng co | evidence=id=14 cls=0 speed=0.572;id=24 cls=0 speed=15.099 | snapshot=alert_6.jpg crop=alert_6_crop.jpg
[07:11:48] [cam09] HUMAN_CONFLICT | conf=1.0 | bbox=[518,0,571,68] | Phát hiện xô xát/đánh nhau/giằng co | evidence=id=14 cls=0 speed=4.398;id=24 cls=0 speed=10.477 | snapshot=alert_7.jpg crop=alert_7_crop.jpg
[07:11:49] [cam09] HUMAN_CONFLICT | conf=1.0 | bbox=[520,0,570,70] | Phát hiện xô xát/đánh nhau/giằng co | evidence=id=14 cls=0 speed=2.683;id=24 cls=0 speed=9.861 | snapshot=alert_8.jpg crop=alert_8_crop.jpg
[07:11:49] [cam09] HUMAN_CONFLICT | conf=1.0 | bbox=[520,0,570,73] | Phát hiện xô xát/đánh nhau/giằng co | evidence=id=14 cls=0 speed=0.719;id=24 cls=0 speed=5.971 | snapshot=alert_9.jpg crop=alert_9_crop.jpg
[07:11:49] [cam09] HUMAN_CONFLICT | conf=1.0 | bbox=[523,0,570,62] | Phát hiện xô xát/đánh nhau/giằng co | evidence=id=14 cls=0 speed=0.707;id=24 cls=0 speed=18.258 | snapshot=alert_10.jpg crop=alert_10_crop.jpg
[07:11:50] [cam09] HUMAN_CONFLICT | conf=1.0 | bbox=[524,0,567,57] | Phát hiện xô xát/đánh nhau/giằng co | evidence=id=14 cls=0 speed=7.992;id=24 cls=0 speed=9.071 | snapshot=alert_11.jpg crop=alert_11_crop.jpg
[07:12:08] [cam09] FIRE_DETECTED | conf=0.939 | bbox=[160,128,320,256] | Phát hiện đám cháy tại ô Fire_Risk_Zone_09|r1c1 | evidence=none | snapshot=alert_12.jpg crop=alert_12_crop.jpg
[07:27:52] [cam09] FIRE_DETECTED | conf=0.939 | bbox=[160,128,320,256] | Phát hiện đám cháy tại ô Fire_Risk_Zone_09|r1c1 | evidence=none | snapshot=alert_1.jpg crop=alert_1_crop.jpg
[07:28:04] [cam09] FIRE_DETECTED | conf=0.939 | bbox=[160,128,320,256] | Phát hiện đám cháy tại ô Fire_Risk_Zone_09|r1c1 | evidence=none | snapshot=alert_2.jpg crop=alert_2_crop.jpg
[07:29:03] [cam09] FIRE_DETECTED | conf=0.939 | bbox=[160,128,320,256] | Phát hiện đám cháy tại ô Fire_Risk_Zone_09|r1c1 | evidence=none | snapshot=alert_3.jpg crop=alert_3_crop.jpg
[07:29:30] [cam09] FIRE_DETECTED | conf=0.939 | bbox=[160,128,320,256] | Phát hiện đám cháy tại ô Fire_Risk_Zone_09|r1c1 | evidence=none | snapshot=alert_4.jpg crop=alert_4_crop.jpg
[07:29:32] [cam09] HUMAN_CONFLICT | conf=1.0 | bbox=[409,98,555,321] | Phát hiện xô xát/đánh nhau/giằng co | evidence=id=1 cls=0 speed=4.21;id=6 cls=0 speed=9.554 | snapshot=alert_5.jpg crop=alert_5_crop.jpg
[07:29:53] [cam09] SMOKE_DETECTED | conf=0.98 | bbox=[160,0,320,128] | Phát hiện khói bất thường tại ô Fire_Risk_Zone_09|r0c1 | evidence=none | snapshot=alert_6.jpg crop=alert_6_crop.jpg
[07:29:53] [cam09] SMOKE_DETECTED | conf=0.98 | bbox=[160,128,320,256] | Phát hiện khói bất thường tại ô Fire_Risk_Zone_09|r1c1 | evidence=none | snapshot=alert_7.jpg crop=alert_7_crop.jpg
[07:30:57] [cam09] HUMAN_CONFLICT | conf=1.0 | bbox=[279,0,448,257] | Phát hiện xô xát/đánh nhau/giằng co | evidence=id=26 cls=0 speed=9.906;id=27 cls=0 speed=8.67 | snapshot=alert_8.jpg crop=alert_8_crop.jpg
[07:30:57] [cam09] HUMAN_CONFLICT | conf=1.0 | bbox=[17,87,206,377] | Phát hiện xô xát/đánh nhau/giằng co | evidence=id=29 cls=0 speed=1.792;id=31 cls=0 speed=8.741 | snapshot=alert_9.jpg crop=alert_9_crop.jpg
[07:30:58] [cam09] HUMAN_CONFLICT | conf=1.0 | bbox=[16,85,217,377] | Phát hiện xô xát/đánh nhau/giằng co | evidence=id=29 cls=0 speed=23.264;id=31 cls=0 speed=1.365 | snapshot=alert_10.jpg crop=alert_10_crop.jpg
[07:30:58] [cam09] HUMAN_CONFLICT | conf=1.0 | bbox=[30,85,227,376] | Phát hiện xô xát/đánh nhau/giằng co | evidence=id=29 cls=0 speed=24.935;id=31 cls=0 speed=31.068 | snapshot=alert_11.jpg crop=alert_11_crop.jpg
[07:30:59] [cam09] HUMAN_CONFLICT | conf=1.0 | bbox=[280,4,442,382] | Phát hiện xô xát/đánh nhau/giằng co | evidence=id=27 cls=0 speed=4.865;id=28 cls=0 speed=26.96 | snapshot=alert_12.jpg crop=alert_12_crop.jpg
[07:30:59] [cam09] HUMAN_CONFLICT | conf=1.0 | bbox=[102,131,360,382] | Phát hiện xô xát/đánh nhau/giằng co | evidence=id=28 cls=0 speed=26.96;id=29 cls=0 speed=25.101 | snapshot=alert_13.jpg crop=alert_13_crop.jpg
[07:30:59] [cam09] HUMAN_CONFLICT | conf=1.0 | bbox=[34,84,240,376] | Phát hiện xô xát/đánh nhau/giằng co | evidence=id=29 cls=0 speed=25.101;id=31 cls=0 speed=10.127 | snapshot=alert_14.jpg crop=alert_14_crop.jpg
[07:31:00] [cam09] HUMAN_CONFLICT | conf=1.0 | bbox=[287,5,439,382] | Phát hiện xô xát/đánh nhau/giằng co | evidence=id=27 cls=0 speed=7.853;id=28 cls=0 speed=17.114 | snapshot=alert_15.jpg crop=alert_15_crop.jpg
[07:31:00] [cam09] HUMAN_CONFLICT | conf=1.0 | bbox=[105,150,368,382] | Phát hiện xô xát/đánh nhau/giằng co | evidence=id=28 cls=0 speed=17.114;id=29 cls=0 speed=22.467 | snapshot=alert_16.jpg crop=alert_16_crop.jpg
[07:31:00] [cam09] HUMAN_CONFLICT | conf=1.0 | bbox=[28,83,236,378] | Phát hiện xô xát/đánh nhau/giằng co | evidence=id=29 cls=0 speed=22.467;id=31 cls=0 speed=13.446 | snapshot=alert_17.jpg crop=alert_17_crop.jpg
[07:31:00] [cam09] HUMAN_CONFLICT | conf=1.0 | bbox=[28,15,253,375] | Phát hiện xô xát/đánh nhau/giằng co | evidence=id=31 cls=0 speed=13.446;id=34 cls=0 speed=10.849 | snapshot=alert_18.jpg crop=alert_18_crop.jpg
[07:31:00] [cam09] HUMAN_CONFLICT | conf=1.0 | bbox=[275,10,435,382] | Phát hiện xô xát/đánh nhau/giằng co | evidence=id=27 cls=0 speed=11.551;id=28 cls=0 speed=20.162 | snapshot=alert_19.jpg crop=alert_19_crop.jpg
[07:31:00] [cam09] HUMAN_CONFLICT | conf=1.0 | bbox=[26,18,247,374] | Phát hiện xô xát/đánh nhau/giằng co | evidence=id=31 cls=0 speed=3.96;id=34 cls=0 speed=12.246 | snapshot=alert_20.jpg crop=alert_20_crop.jpg
[07:31:01] [cam09] HUMAN_CONFLICT | conf=1.0 | bbox=[253,12,427,266] | Phát hiện xô xát/đánh nhau/giằng co | evidence=id=26 cls=0 speed=11.519;id=27 cls=0 speed=15.99 | snapshot=alert_21.jpg crop=alert_21_crop.jpg
[07:31:01] [cam09] HUMAN_CONFLICT | conf=1.0 | bbox=[247,13,427,381] | Phát hiện xô xát/đánh nhau/giằng co | evidence=id=27 cls=0 speed=15.99;id=28 cls=0 speed=41.948 | snapshot=alert_22.jpg crop=alert_22_crop.jpg
[07:31:01] [cam09] HUMAN_CONFLICT | conf=1.0 | bbox=[27,20,244,375] | Phát hiện xô xát/đánh nhau/giằng co | evidence=id=31 cls=0 speed=3.099;id=34 cls=0 speed=15.509 | snapshot=alert_23.jpg crop=alert_23_crop.jpg
[07:31:01] [cam09] HUMAN_CONFLICT | conf=1.0 | bbox=[245,13,421,267] | Phát hiện xô xát/đánh nhau/giằng co | evidence=id=26 cls=0 speed=14.511;id=27 cls=0 speed=15.15 | snapshot=alert_24.jpg crop=alert_24_crop.jpg
[07:31:01] [cam09] HUMAN_CONFLICT | conf=1.0 | bbox=[29,18,241,376] | Phát hiện xô xát/đánh nhau/giằng co | evidence=id=31 cls=0 speed=5.524;id=34 cls=0 speed=13.935 | snapshot=alert_25.jpg crop=alert_25_crop.jpg
[07:31:02] [cam09] HUMAN_CONFLICT | conf=1.0 | bbox=[236,15,411,265] | Phát hiện xô xát/đánh nhau/giằng co | evidence=id=26 cls=0 speed=20.283;id=27 cls=0 speed=18.229 | snapshot=alert_26.jpg crop=alert_26_crop.jpg
[07:31:02] [cam09] HUMAN_CONFLICT | conf=1.0 | bbox=[28,20,231,376] | Phát hiện xô xát/đánh nhau/giằng co | evidence=id=31 cls=0 speed=5.737;id=34 cls=0 speed=22.165 | snapshot=alert_27.jpg crop=alert_27_crop.jpg
[07:31:02] [cam09] HUMAN_CONFLICT | conf=1.0 | bbox=[231,19,403,264] | Phát hiện xô xát/đánh nhau/giằng co | evidence=id=26 cls=0 speed=12.157;id=27 cls=0 speed=16.669 | snapshot=alert_28.jpg crop=alert_28_crop.jpg
[07:31:02] [cam09] HUMAN_CONFLICT | conf=1.0 | bbox=[141,24,313,253] | Phát hiện xô xát/đánh nhau/giằng co | evidence=id=26 cls=0 speed=12.157;id=34 cls=0 speed=13.294 | snapshot=alert_29.jpg crop=alert_29_crop.jpg
[07:31:02] [cam09] HUMAN_CONFLICT | conf=1.0 | bbox=[27,24,225,378] | Phát hiện xô xát/đánh nhau/giằng co | evidence=id=31 cls=0 speed=7.345;id=34 cls=0 speed=13.294 | snapshot=alert_30.jpg crop=alert_30_crop.jpg
[07:31:03] [cam09] HUMAN_CONFLICT | conf=1.0 | bbox=[220,25,393,263] | Phát hiện xô xát/đánh nhau/giằng co | evidence=id=26 cls=0 speed=16.737;id=27 cls=0 speed=16.415 | snapshot=alert_31.jpg crop=alert_31_crop.jpg
[07:31:03] [cam09] HUMAN_CONFLICT | conf=1.0 | bbox=[138,28,307,256] | Phát hiện xô xát/đánh nhau/giằng co | evidence=id=26 cls=0 speed=16.737;id=34 cls=0 speed=8.049 | snapshot=alert_32.jpg crop=alert_32_crop.jpg
[07:31:03] [cam09] HUMAN_CONFLICT | conf=1.0 | bbox=[24,28,222,377] | Phát hiện xô xát/đánh nhau/giằng co | evidence=id=31 cls=0 speed=2.308;id=34 cls=0 speed=8.049 | snapshot=alert_33.jpg crop=alert_33_crop.jpg
[07:31:03] [cam09] HUMAN_CONFLICT | conf=1.0 | bbox=[209,26,384,268] | Phát hiện xô xát/đánh nhau/giằng co | evidence=id=26 cls=0 speed=23.105;id=27 cls=0 speed=19.836 | snapshot=alert_34.jpg crop=alert_34_crop.jpg
[07:31:03] [cam09] HUMAN_CONFLICT | conf=1.0 | bbox=[136,32,303,263] | Phát hiện xô xát/đánh nhau/giằng co | evidence=id=26 cls=0 speed=23.105;id=34 cls=0 speed=12.112 | snapshot=alert_35.jpg crop=alert_35_crop.jpg
[07:31:03] [cam09] HUMAN_CONFLICT | conf=1.0 | bbox=[136,26,384,268] | Phát hiện xô xát/đánh nhau/giằng co | evidence=id=27 cls=0 speed=19.836;id=34 cls=0 speed=12.112 | snapshot=alert_36.jpg crop=alert_36_crop.jpg
[07:31:03] [cam09] HUMAN_CONFLICT | conf=1.0 | bbox=[22,32,219,379] | Phát hiện xô xát/đánh nhau/giằng co | evidence=id=31 cls=0 speed=2.855;id=34 cls=0 speed=12.112 | snapshot=alert_37.jpg crop=alert_37_crop.jpg
[07:31:04] [cam09] HUMAN_CONFLICT | conf=1.0 | bbox=[215,22,382,288] | Phát hiện xô xát/đánh nhau/giằng co | evidence=id=26 cls=0 speed=23.688;id=27 cls=0 speed=19.612 | snapshot=alert_38.jpg crop=alert_38_crop.jpg
[07:31:04] [cam09] HUMAN_CONFLICT | conf=1.0 | bbox=[131,33,296,270] | Phát hiện xô xát/đánh nhau/giằng co | evidence=id=26 cls=0 speed=23.688;id=34 cls=0 speed=10.142 | snapshot=alert_39.jpg crop=alert_39_crop.jpg
[07:31:04] [cam09] HUMAN_CONFLICT | conf=1.0 | bbox=[211,22,382,380] | Phát hiện xô xát/đánh nhau/giằng co | evidence=id=27 cls=0 speed=19.612;id=28 cls=0 speed=10.236 | snapshot=alert_40.jpg crop=alert_40_crop.jpg
[07:31:04] [cam09] HUMAN_CONFLICT | conf=1.0 | bbox=[131,22,382,288] | Phát hiện xô xát/đánh nhau/giằng co | evidence=id=27 cls=0 speed=19.612;id=34 cls=0 speed=10.142 | snapshot=alert_41.jpg crop=alert_41_crop.jpg
[07:31:04] [cam09] HUMAN_CONFLICT | conf=1.0 | bbox=[24,33,216,381] | Phát hiện xô xát/đánh nhau/giằng co | evidence=id=31 cls=0 speed=6.975;id=34 cls=0 speed=10.142 | snapshot=alert_42.jpg crop=alert_42_crop.jpg
[07:31:04] [cam09] HUMAN_CONFLICT | conf=1.0 | bbox=[198,20,379,287] | Phát hiện xô xát/đánh nhau/giằng co | evidence=id=26 cls=0 speed=64.617;id=27 cls=0 speed=6.734 | snapshot=alert_43.jpg crop=alert_43_crop.jpg
[07:31:04] [cam09] HUMAN_CONFLICT | conf=1.0 | bbox=[129,29,306,279] | Phát hiện xô xát/đánh nhau/giằng co | evidence=id=26 cls=0 speed=64.617;id=34 cls=0 speed=7.904 | snapshot=alert_44.jpg crop=alert_44_crop.jpg
[07:31:04] [cam09] HUMAN_CONFLICT | conf=1.0 | bbox=[129,20,379,287] | Phát hiện xô xát/đánh nhau/giằng co | evidence=id=27 cls=0 speed=6.734;id=34 cls=0 speed=7.904 | snapshot=alert_45.jpg crop=alert_45_crop.jpg
[07:31:04] [cam09] HUMAN_CONFLICT | conf=1.0 | bbox=[27,29,214,379] | Phát hiện xô xát/đánh nhau/giằng co | evidence=id=31 cls=0 speed=6.641;id=34 cls=0 speed=7.904 | snapshot=alert_46.jpg crop=alert_46_crop.jpg
[07:31:05] [cam09] HUMAN_CONFLICT | conf=1.0 | bbox=[191,21,369,282] | Phát hiện xô xát/đánh nhau/giằng co | evidence=id=26 cls=0 speed=13.744;id=27 cls=0 speed=39.802 | snapshot=alert_47.jpg crop=alert_47_crop.jpg
[07:31:05] [cam09] HUMAN_CONFLICT | conf=1.0 | bbox=[122,21,299,282] | Phát hiện xô xát/đánh nhau/giằng co | evidence=id=26 cls=0 speed=13.744;id=34 cls=0 speed=17.389 | snapshot=alert_48.jpg crop=alert_48_crop.jpg
[07:31:05] [cam09] HUMAN_CONFLICT | conf=1.0 | bbox=[122,21,369,262] | Phát hiện xô xát/đánh nhau/giằng co | evidence=id=27 cls=0 speed=39.802;id=34 cls=0 speed=17.389 | snapshot=alert_49.jpg crop=alert_49_crop.jpg
[07:31:05] [cam09] HUMAN_CONFLICT | conf=1.0 | bbox=[24,21,208,378] | Phát hiện xô xát/đánh nhau/giằng co | evidence=id=31 cls=0 speed=2.483;id=34 cls=0 speed=17.389 | snapshot=alert_50.jpg crop=alert_50_crop.jpg
[07:31:05] [cam09] HUMAN_CONFLICT | conf=1.0 | bbox=[178,12,361,278] | Phát hiện xô xát/đánh nhau/giằng co | evidence=id=26 cls=0 speed=27.248;id=27 cls=0 speed=22.115 | snapshot=alert_51.jpg crop=alert_51_crop.jpg
[07:31:05] [cam09] HUMAN_CONFLICT | conf=1.0 | bbox=[109,12,284,278] | Phát hiện xô xát/đánh nhau/giằng co | evidence=id=26 cls=0 speed=27.248;id=34 cls=0 speed=31.546 | snapshot=alert_52.jpg crop=alert_52_crop.jpg
[07:31:05] [cam09] HUMAN_CONFLICT | conf=1.0 | bbox=[109,12,361,252] | Phát hiện xô xát/đánh nhau/giằng co | evidence=id=27 cls=0 speed=22.115;id=34 cls=0 speed=31.546 | snapshot=alert_53.jpg crop=alert_53_crop.jpg
[07:31:05] [cam09] HUMAN_CONFLICT | conf=1.0 | bbox=[18,12,195,379] | Phát hiện xô xát/đánh nhau/giằng co | evidence=id=31 cls=0 speed=10.493;id=34 cls=0 speed=31.546 | snapshot=alert_54.jpg crop=alert_54_crop.jpg
[07:31:06] [cam09] HUMAN_CONFLICT | conf=1.0 | bbox=[164,4,351,273] | Phát hiện xô xát/đánh nhau/giằng co | evidence=id=26 cls=0 speed=43.738;id=27 cls=0 speed=44.647 | snapshot=alert_55.jpg crop=alert_55_crop.jpg
[07:31:06] [cam09] HUMAN_CONFLICT | conf=1.0 | bbox=[91,7,264,257] | Phát hiện xô xát/đánh nhau/giằng co | evidence=id=26 cls=0 speed=43.738;id=34 cls=0 speed=33.577 | snapshot=alert_56.jpg crop=alert_56_crop.jpg
[07:31:06] [cam09] HUMAN_CONFLICT | conf=1.0 | bbox=[91,4,351,273] | Phát hiện xô xát/đánh nhau/giằng co | evidence=id=27 cls=0 speed=44.647;id=34 cls=0 speed=33.577 | snapshot=alert_57.jpg crop=alert_57_crop.jpg
[07:31:06] [cam09] HUMAN_CONFLICT | conf=1.0 | bbox=[12,7,181,378] | Phát hiện xô xát/đánh nhau/giằng co | evidence=id=31 cls=0 speed=11.148;id=34 cls=0 speed=33.577 | snapshot=alert_58.jpg crop=alert_58_crop.jpg
[07:31:07] [cam09] HUMAN_CONFLICT | conf=1.0 | bbox=[146,1,336,262] | Phát hiện xô xát/đánh nhau/giằng co | evidence=id=26 cls=0 speed=18.384;id=27 cls=0 speed=15.095 | snapshot=alert_59.jpg crop=alert_59_crop.jpg
[07:31:07] [cam09] HUMAN_CONFLICT | conf=1.0 | bbox=[70,9,245,262] | Phát hiện xô xát/đánh nhau/giằng co | evidence=id=26 cls=0 speed=18.384;id=34 cls=0 speed=19.933 | snapshot=alert_60.jpg crop=alert_60_crop.jpg
[07:31:07] [cam09] HUMAN_CONFLICT | conf=1.0 | bbox=[70,1,336,258] | Phát hiện xô xát/đánh nhau/giằng co | evidence=id=27 cls=0 speed=15.095;id=34 cls=0 speed=19.933 | snapshot=alert_61.jpg crop=alert_61_crop.jpg
[07:31:07] [cam09] HUMAN_CONFLICT | conf=1.0 | bbox=[6,9,161,378] | Phát hiện xô xát/đánh nhau/giằng co | evidence=id=31 cls=0 speed=5.012;id=34 cls=0 speed=19.933 | snapshot=alert_62.jpg crop=alert_62_crop.jpg
[07:31:07] [cam09] HUMAN_CONFLICT | conf=1.0 | bbox=[132,7,324,274] | Phát hiện xô xát/đánh nhau/giằng co | evidence=id=26 cls=0 speed=32.025;id=27 cls=0 speed=19.368 | snapshot=alert_63.jpg crop=alert_63_crop.jpg
[07:31:07] [cam09] HUMAN_CONFLICT | conf=1.0 | bbox=[18,30,234,379] | Phát hiện xô xát/đánh nhau/giằng co | evidence=id=26 cls=0 speed=32.025;id=31 cls=0 speed=29.866 | snapshot=alert_64.jpg crop=alert_64_crop.jpg
[07:31:07] [cam09] HUMAN_CONFLICT | conf=1.0 | bbox=[48,11,234,314] | Phát hiện xô xát/đánh nhau/giằng co | evidence=id=26 cls=0 speed=32.025;id=34 cls=0 speed=66.826 | snapshot=alert_65.jpg crop=alert_65_crop.jpg
[07:31:07] [cam09] HUMAN_CONFLICT | conf=1.0 | bbox=[48,7,324,314] | Phát hiện xô xát/đánh nhau/giằng co | evidence=id=27 cls=0 speed=19.368;id=34 cls=0 speed=66.826 | snapshot=alert_66.jpg crop=alert_66_crop.jpg
[07:31:07] [cam09] HUMAN_CONFLICT | conf=1.0 | bbox=[18,11,158,379] | Phát hiện xô xát/đánh nhau/giằng co | evidence=id=31 cls=0 speed=29.866;id=34 cls=0 speed=66.826 | snapshot=alert_67.jpg crop=alert_67_crop.jpg
[07:31:08] [cam09] HUMAN_CONFLICT | conf=1.0 | bbox=[123,17,318,277] | Phát hiện xô xát/đánh nhau/giằng co | evidence=id=26 cls=0 speed=16.193;id=27 cls=0 speed=12.451 | snapshot=alert_68.jpg crop=alert_68_crop.jpg
[07:31:08] [cam09] HUMAN_CONFLICT | conf=1.0 | bbox=[26,32,225,380] | Phát hiện xô xát/đánh nhau/giằng co | evidence=id=26 cls=0 speed=16.193;id=31 cls=0 speed=15.808 | snapshot=alert_69.jpg crop=alert_69_crop.jpg
[07:31:08] [cam09] HUMAN_CONFLICT | conf=1.0 | bbox=[35,9,225,296] | Phát hiện xô xát/đánh nhau/giằng co | evidence=id=26 cls=0 speed=16.193;id=34 cls=0 speed=31.333 | snapshot=alert_70.jpg crop=alert_70_crop.jpg
[07:31:08] [cam09] HUMAN_CONFLICT | conf=1.0 | bbox=[35,9,318,296] | Phát hiện xô xát/đánh nhau/giằng co | evidence=id=27 cls=0 speed=12.451;id=34 cls=0 speed=31.333 | snapshot=alert_71.jpg crop=alert_71_crop.jpg
[07:31:08] [cam09] HUMAN_CONFLICT | conf=1.0 | bbox=[26,9,141,380] | Phát hiện xô xát/đánh nhau/giằng co | evidence=id=31 cls=0 speed=15.808;id=34 cls=0 speed=31.333 | snapshot=alert_72.jpg crop=alert_72_crop.jpg
[07:31:08] [cam09] HUMAN_CONFLICT | conf=1.0 | bbox=[120,19,329,300] | Phát hiện xô xát/đánh nhau/giằng co | evidence=id=26 cls=0 speed=8.789;id=27 cls=0 speed=50.456 | snapshot=alert_73.jpg crop=alert_73_crop.jpg
[07:31:08] [cam09] HUMAN_CONFLICT | conf=1.0 | bbox=[37,35,225,380] | Phát hiện xô xát/đánh nhau/giằng co | evidence=id=26 cls=0 speed=8.789;id=31 cls=0 speed=26.292 | snapshot=alert_74.jpg crop=alert_74_crop.jpg
[07:31:08] [cam09] HUMAN_CONFLICT | conf=1.0 | bbox=[38,10,225,283] | Phát hiện xô xát/đánh nhau/giằng co | evidence=id=26 cls=0 speed=8.789;id=34 cls=0 speed=79.699 | snapshot=alert_75.jpg crop=alert_75_crop.jpg
[07:31:08] [cam09] HUMAN_CONFLICT | conf=1.0 | bbox=[38,10,329,300] | Phát hiện xô xát/đánh nhau/giằng co | evidence=id=27 cls=0 speed=50.456;id=34 cls=0 speed=79.699 | snapshot=alert_76.jpg crop=alert_76_crop.jpg
[07:31:08] [cam09] HUMAN_CONFLICT | conf=1.0 | bbox=[37,10,155,380] | Phát hiện xô xát/đánh nhau/giằng co | evidence=id=31 cls=0 speed=26.292;id=34 cls=0 speed=79.699 | snapshot=alert_77.jpg crop=alert_77_crop.jpg
[07:31:09] [cam09] HUMAN_CONFLICT | conf=1.0 | bbox=[122,15,331,296] | Phát hiện xô xát/đánh nhau/giằng co | evidence=id=26 cls=0 speed=13.479;id=27 cls=0 speed=21.813 | snapshot=alert_78.jpg crop=alert_78_crop.jpg
[07:31:09] [cam09] HUMAN_CONFLICT | conf=1.0 | bbox=[49,35,232,378] | Phát hiện xô xát/đánh nhau/giằng co | evidence=id=26 cls=0 speed=13.479;id=31 cls=0 speed=23.601 | snapshot=alert_79.jpg crop=alert_79_crop.jpg
[07:31:09] [cam09] HUMAN_CONFLICT | conf=1.0 | bbox=[43,16,232,296] | Phát hiện xô xát/đánh nhau/giằng co | evidence=id=26 cls=0 speed=13.479;id=34 cls=0 speed=32.172 | snapshot=alert_80.jpg crop=alert_80_crop.jpg
[07:31:09] [cam09] HUMAN_CONFLICT | conf=1.0 | bbox=[43,16,170,378] | Phát hiện xô xát/đánh nhau/giằng co | evidence=id=31 cls=0 speed=23.601;id=34 cls=0 speed=32.172 | snapshot=alert_81.jpg crop=alert_81_crop.jpg
[07:31:09] [cam09] HUMAN_CONFLICT | conf=1.0 | bbox=[131,14,343,294] | Phát hiện xô xát/đánh nhau/giằng co | evidence=id=26 cls=0 speed=25.155;id=27 cls=0 speed=23.12 | snapshot=alert_82.jpg crop=alert_82_crop.jpg
[07:31:09] [cam09] HUMAN_CONFLICT | conf=1.0 | bbox=[45,37,234,377] | Phát hiện xô xát/đánh nhau/giằng co | evidence=id=26 cls=0 speed=25.155;id=31 cls=0 speed=10.273 | snapshot=alert_83.jpg crop=alert_83_crop.jpg
[07:31:09] [cam09] HUMAN_CONFLICT | conf=1.0 | bbox=[44,22,234,273] | Phát hiện xô xát/đánh nhau/giằng co | evidence=id=26 cls=0 speed=25.155;id=34 cls=0 speed=2.111 | snapshot=alert_84.jpg crop=alert_84_crop.jpg
[07:31:09] [cam09] HUMAN_CONFLICT | conf=1.0 | bbox=[44,22,165,377] | Phát hiện xô xát/đánh nhau/giằng co | evidence=id=31 cls=0 speed=10.273;id=34 cls=0 speed=2.111 | snapshot=alert_85.jpg crop=alert_85_crop.jpg
[07:31:10] [cam09] HUMAN_CONFLICT | conf=1.0 | bbox=[134,17,353,304] | Phát hiện xô xát/đánh nhau/giằng co | evidence=id=26 cls=0 speed=26.622;id=27 cls=0 speed=23.312 | snapshot=alert_86.jpg crop=alert_86_crop.jpg
[07:31:10] [cam09] HUMAN_CONFLICT | conf=1.0 | bbox=[29,42,243,376] | Phát hiện xô xát/đánh nhau/giằng co | evidence=id=26 cls=0 speed=26.622;id=31 cls=0 speed=55.406 | snapshot=alert_87.jpg crop=alert_87_crop.jpg
[07:31:10] [cam09] HUMAN_CONFLICT | conf=1.0 | bbox=[138,21,364,303] | Phát hiện xô xát/đánh nhau/giằng co | evidence=id=26 cls=0 speed=20.685;id=27 cls=0 speed=20.538 | snapshot=alert_88.jpg crop=alert_88_crop.jpg
[07:31:10] [cam09] HUMAN_CONFLICT | conf=1.0 | bbox=[20,35,253,352] | Phát hiện xô xát/đánh nhau/giằng co | evidence=id=26 cls=0 speed=20.685;id=31 cls=0 speed=42.357 | snapshot=alert_89.jpg crop=alert_89_crop.jpg
[07:31:10] [cam09] HUMAN_GROUP_CONFLICT | conf=0.96 | bbox=[20,21,364,352] | Phát hiện cụm 3 người tiếp cận/va chạm/xô xát | evidence=id=26 cls=0 speed=20.685;id=27 cls=0 speed=20.538;id=31 cls=0 speed=42.357 | snapshot=alert_90.jpg crop=alert_90_crop.jpg
[07:31:11] [cam09] HUMAN_CONFLICT | conf=1.0 | bbox=[129,24,370,346] | Phát hiện xô xát/đánh nhau/giằng co | evidence=id=26 cls=0 speed=48.831;id=27 cls=0 speed=14.863 | snapshot=alert_91.jpg crop=alert_91_crop.jpg
[07:31:11] [cam09] HUMAN_CONFLICT | conf=1.0 | bbox=[19,32,263,346] | Phát hiện xô xát/đánh nhau/giằng co | evidence=id=26 cls=0 speed=48.831;id=31 cls=0 speed=35.13 | snapshot=alert_92.jpg crop=alert_92_crop.jpg
[07:31:11] [cam09] HUMAN_CONFLICT | conf=1.0 | bbox=[19,24,370,322] | Phát hiện xô xát/đánh nhau/giằng co | evidence=id=27 cls=0 speed=14.863;id=31 cls=0 speed=35.13 | snapshot=alert_93.jpg crop=alert_93_crop.jpg
[07:31:11] [cam09] HUMAN_GROUP_CONFLICT | conf=0.96 | bbox=[19,24,370,346] | Phát hiện cụm 3 người tiếp cận/va chạm/xô xát | evidence=id=26 cls=0 speed=48.831;id=27 cls=0 speed=14.863;id=31 cls=0 speed=35.13 | snapshot=alert_94.jpg crop=alert_94_crop.jpg
[07:31:11] [cam09] HUMAN_CONFLICT | conf=1.0 | bbox=[106,26,376,370] | Phát hiện xô xát/đánh nhau/giằng co | evidence=id=26 cls=0 speed=95.253;id=27 cls=0 speed=15.665 | snapshot=alert_95.jpg crop=alert_95_crop.jpg
[07:31:11] [cam09] HUMAN_CONFLICT | conf=1.0 | bbox=[17,42,233,370] | Phát hiện xô xát/đánh nhau/giằng co | evidence=id=26 cls=0 speed=95.253;id=31 cls=0 speed=13.418 | snapshot=alert_96.jpg crop=alert_96_crop.jpg
[07:31:11] [cam09] HUMAN_GROUP_CONFLICT | conf=0.96 | bbox=[17,26,376,370] | Phát hiện cụm 3 người tiếp cận/va chạm/xô xát | evidence=id=26 cls=0 speed=95.253;id=27 cls=0 speed=15.665;id=31 cls=0 speed=13.418 | snapshot=alert_97.jpg crop=alert_97_crop.jpg
[07:31:12] [cam09] HUMAN_CONFLICT | conf=1.0 | bbox=[99,27,379,380] | Phát hiện xô xát/đánh nhau/giằng co | evidence=id=26 cls=0 speed=35.052;id=27 cls=0 speed=7.193 | snapshot=alert_98.jpg crop=alert_98_crop.jpg
[07:31:12] [cam09] HUMAN_CONFLICT | conf=1.0 | bbox=[14,51,223,380] | Phát hiện xô xát/đánh nhau/giằng co | evidence=id=26 cls=0 speed=35.052;id=31 cls=0 speed=14.711 | snapshot=alert_99.jpg crop=alert_99_crop.jpg
[07:31:12] [cam09] SMOKE_DETECTED | conf=0.98 | bbox=[160,0,320,128] | Phát hiện khói bất thường tại ô Fire_Risk_Zone_09|r0c1 | evidence=none | snapshot=alert_100.jpg crop=alert_100_crop.jpg
[07:31:12] [cam09] HUMAN_CONFLICT | conf=1.0 | bbox=[98,28,378,384] | Phát hiện xô xát/đánh nhau/giằng co | evidence=id=26 cls=0 speed=18.511;id=27 cls=0 speed=12.685 | snapshot=alert_101.jpg crop=alert_101_crop.jpg
[07:31:12] [cam09] HUMAN_CONFLICT | conf=1.0 | bbox=[10,56,221,384] | Phát hiện xô xát/đánh nhau/giằng co | evidence=id=26 cls=0 speed=18.511;id=31 cls=0 speed=13.074 | snapshot=alert_102.jpg crop=alert_102_crop.jpg
[07:31:13] [cam09] HUMAN_CONFLICT | conf=1.0 | bbox=[95,31,373,384] | Phát hiện xô xát/đánh nhau/giằng co | evidence=id=26 cls=0 speed=5.992;id=27 cls=0 speed=9.416 | snapshot=alert_103.jpg crop=alert_103_crop.jpg
[07:31:13] [cam09] HUMAN_CONFLICT | conf=1.0 | bbox=[5,57,220,384] | Phát hiện xô xát/đánh nhau/giằng co | evidence=id=26 cls=0 speed=5.992;id=31 cls=0 speed=10.032 | snapshot=alert_104.jpg crop=alert_104_crop.jpg
[07:31:13] [cam09] HUMAN_CONFLICT | conf=1.0 | bbox=[268,31,577,374] | Phát hiện xô xát/đánh nhau/giằng co | evidence=id=27 cls=0 speed=9.416;id=47 cls=0 speed=19.464 | snapshot=alert_105.jpg crop=alert_105_crop.jpg
[07:31:13] [cam09] HUMAN_FALL | conf=0.9 | bbox=[282,112,566,370] | Phát hiện người bị ngã | evidence=id=47 cls=0 speed=24.3 | snapshot=alert_106.jpg crop=alert_106_crop.jpg
[07:31:13] [cam09] HUMAN_CONFLICT | conf=1.0 | bbox=[93,35,366,384] | Phát hiện xô xát/đánh nhau/giằng co | evidence=id=26 cls=0 speed=6.974;id=27 cls=0 speed=15.134 | snapshot=alert_107.jpg crop=alert_107_crop.jpg
[07:31:13] [cam09] HUMAN_CONFLICT | conf=1.0 | bbox=[2,62,218,384] | Phát hiện xô xát/đánh nhau/giằng co | evidence=id=26 cls=0 speed=6.974;id=31 cls=0 speed=9.284 | snapshot=alert_108.jpg crop=alert_108_crop.jpg
[07:31:14] [cam09] HUMAN_CONFLICT | conf=1.0 | bbox=[262,35,566,370] | Phát hiện xô xát/đánh nhau/giằng co | evidence=id=27 cls=0 speed=15.134;id=47 cls=0 speed=24.3 | snapshot=alert_109.jpg crop=alert_109_crop.jpg
[07:31:14] [cam09] HUMAN_FALL | conf=0.9 | bbox=[282,106,555,368] | Phát hiện người bị ngã | evidence=id=47 cls=0 speed=10.936 | snapshot=alert_110.jpg crop=alert_110_crop.jpg
[07:31:14] [cam09] HUMAN_CONFLICT | conf=1.0 | bbox=[88,38,358,384] | Phát hiện xô xát/đánh nhau/giằng co | evidence=id=26 cls=0 speed=11.147;id=27 cls=0 speed=11.635 | snapshot=alert_111.jpg crop=alert_111_crop.jpg
[07:31:14] [cam09] HUMAN_CONFLICT | conf=1.0 | bbox=[5,73,211,384] | Phát hiện xô xát/đánh nhau/giằng co | evidence=id=26 cls=0 speed=11.147;id=31 cls=0 speed=7.532 | snapshot=alert_112.jpg crop=alert_112_crop.jpg
[07:31:14] [cam09] HUMAN_CONFLICT | conf=1.0 | bbox=[256,38,555,368] | Phát hiện xô xát/đánh nhau/giằng co | evidence=id=27 cls=0 speed=11.635;id=47 cls=0 speed=10.936 | snapshot=alert_113.jpg crop=alert_113_crop.jpg
[07:31:15] [cam09] HUMAN_FALL | conf=0.9 | bbox=[287,102,548,367] | Phát hiện người bị ngã | evidence=id=47 cls=0 speed=4.625 | snapshot=alert_114.jpg crop=alert_114_crop.jpg
[07:31:15] [cam09] HUMAN_CONFLICT | conf=1.0 | bbox=[81,41,352,384] | Phát hiện xô xát/đánh nhau/giằng co | evidence=id=26 cls=0 speed=22.778;id=27 cls=0 speed=13.085 | snapshot=alert_115.jpg crop=alert_115_crop.jpg
[07:31:15] [cam09] HUMAN_CONFLICT | conf=1.0 | bbox=[2,82,199,384] | Phát hiện xô xát/đánh nhau/giằng co | evidence=id=26 cls=0 speed=22.778;id=31 cls=0 speed=12.181 | snapshot=alert_116.jpg crop=alert_116_crop.jpg
[07:31:15] [cam09] HUMAN_CONFLICT | conf=1.0 | bbox=[250,41,548,367] | Phát hiện xô xát/đánh nhau/giằng co | evidence=id=27 cls=0 speed=13.085;id=47 cls=0 speed=4.625 | snapshot=alert_117.jpg crop=alert_117_crop.jpg
[07:31:15] [cam09] HUMAN_FALL | conf=0.9 | bbox=[291,101,539,367] | Phát hiện người bị ngã | evidence=id=47 cls=0 speed=5.709 | snapshot=alert_118.jpg crop=alert_118_crop.jpg
[07:31:15] [cam09] HUMAN_CONFLICT | conf=1.0 | bbox=[247,45,539,367] | Phát hiện xô xát/đánh nhau/giằng co | evidence=id=27 cls=0 speed=7.482;id=47 cls=0 speed=5.709 | snapshot=alert_119.jpg crop=alert_119_crop.jpg
[07:31:16] [cam09] HUMAN_FALL | conf=0.9 | bbox=[294,101,520,351] | Phát hiện người bị ngã | evidence=id=47 cls=0 speed=19.811 | snapshot=alert_120.jpg crop=alert_120_crop.jpg
[07:31:16] [cam09] HUMAN_CONFLICT | conf=1.0 | bbox=[244,48,520,351] | Phát hiện xô xát/đánh nhau/giằng co | evidence=id=27 cls=0 speed=6.903;id=47 cls=0 speed=19.811 | snapshot=alert_121.jpg crop=alert_121_crop.jpg
[07:31:16] [cam09] HUMAN_FALL | conf=0.9 | bbox=[285,95,503,345] | Phát hiện người bị ngã | evidence=id=47 cls=0 speed=30.946 | snapshot=alert_122.jpg crop=alert_122_crop.jpg
[07:31:16] [cam09] HUMAN_CONFLICT | conf=1.0 | bbox=[239,50,503,345] | Phát hiện xô xát/đánh nhau/giằng co | evidence=id=27 cls=0 speed=12.851;id=47 cls=0 speed=30.946 | snapshot=alert_123.jpg crop=alert_123_crop.jpg
[07:45:55] [cam09] HUMAN_FALL | conf=0.9 | bbox=[278,85,494,343] | Phát hiện người bị ngã | evidence=id=47 cls=0 speed=15.965 | snapshot=alert_124.jpg crop=alert_124_crop.jpg
[07:45:55] [cam09] HUMAN_CONFLICT | conf=1.0 | bbox=[232,50,494,343] | Phát hiện xô xát/đánh nhau/giằng co | evidence=id=27 cls=0 speed=11.929;id=47 cls=0 speed=15.965 | snapshot=alert_125.jpg crop=alert_125_crop.jpg
[07:45:56] [cam09] HUMAN_FALL | conf=0.9 | bbox=[275,82,483,340] | Phát hiện người bị ngã | evidence=id=47 cls=0 speed=0.009 | snapshot=alert_126.jpg crop=alert_126_crop.jpg
[07:45:57] [cam09] HUMAN_FALL | conf=0.9 | bbox=[270,83,468,336] | Phát hiện người bị ngã | evidence=id=47 cls=0 speed=10.069 | snapshot=alert_127.jpg crop=alert_127_crop.jpg
[07:45:57] [cam09] HUMAN_CONFLICT | conf=1.0 | bbox=[215,49,468,336] | Phát hiện xô xát/đánh nhau/giằng co | evidence=id=27 cls=0 speed=10.452;id=47 cls=0 speed=10.069 | snapshot=alert_128.jpg crop=alert_128_crop.jpg
[07:45:57] [cam09] HUMAN_CONFLICT | conf=1.0 | bbox=[211,48,452,331] | Phát hiện xô xát/đánh nhau/giằng co | evidence=id=27 cls=0 speed=9.478;id=47 cls=0 speed=20.195 | snapshot=alert_129.jpg crop=alert_129_crop.jpg
[10:14:08] [cam09] FIRE_DETECTED | conf=0.939 | bbox=[160,128,320,256] | Phát hiện đám cháy tại ô Fire_Risk_Zone_09|r1c1 | evidence=none | snapshot=alert_1.jpg crop=alert_1_crop.jpg
[10:14:20] [cam09] FIRE_DETECTED | conf=0.939 | bbox=[160,128,320,256] | Phát hiện đám cháy tại ô Fire_Risk_Zone_09|r1c1 | evidence=none | snapshot=alert_2.jpg crop=alert_2_crop.jpg
[10:14:21] [cam09] HUMAN_CONFLICT | conf=1.0 | bbox=[412,98,557,320] | Phát hiện xô xát/đánh nhau/giằng co | evidence=id=2 cls=0 speed=18.137;id=3 cls=0 speed=25.733 | snapshot=alert_3.jpg crop=alert_3_crop.jpg
[10:14:21] [cam09] HUMAN_CONFLICT | conf=1.0 | bbox=[410,98,562,320] | Phát hiện xô xát/đánh nhau/giằng co | evidence=id=2 cls=0 speed=5.328;id=3 cls=0 speed=18.191 | snapshot=alert_4.jpg crop=alert_4_crop.jpg
[10:14:31] [cam09] FIRE_DETECTED | conf=0.939 | bbox=[160,128,320,256] | Phát hiện đám cháy tại ô Fire_Risk_Zone_09|r1c1 | evidence=none | snapshot=alert_5.jpg crop=alert_5_crop.jpg
[10:14:41] [cam09] HUMAN_CONFLICT | conf=1.0 | bbox=[321,4,389,118] | Phát hiện xô xát/đánh nhau/giằng co | evidence=id=15 cls=0 speed=2.972;id=17 cls=0 speed=11.464 | snapshot=alert_6.jpg crop=alert_6_crop.jpg
[10:14:41] [cam09] HUMAN_CONFLICT | conf=1.0 | bbox=[322,4,390,121] | Phát hiện xô xát/đánh nhau/giằng co | evidence=id=15 cls=0 speed=2.709;id=17 cls=0 speed=9.121 | snapshot=alert_7.jpg crop=alert_7_crop.jpg
[10:14:42] [cam09] HUMAN_CONFLICT | conf=1.0 | bbox=[323,4,390,122] | Phát hiện xô xát/đánh nhau/giằng co | evidence=id=15 cls=0 speed=1.135;id=17 cls=0 speed=6.694 | snapshot=alert_8.jpg crop=alert_8_crop.jpg
[10:14:42] [cam09] HUMAN_CONFLICT | conf=1.0 | bbox=[331,4,390,126] | Phát hiện xô xát/đánh nhau/giằng co | evidence=id=15 cls=0 speed=18.564;id=17 cls=0 speed=15.188 | snapshot=alert_9.jpg crop=alert_9_crop.jpg
[10:14:43] [cam09] HUMAN_CONFLICT | conf=1.0 | bbox=[333,5,390,126] | Phát hiện xô xát/đánh nhau/giằng co | evidence=id=15 cls=0 speed=8.914;id=17 cls=0 speed=8.674 | snapshot=alert_10.jpg crop=alert_10_crop.jpg
[10:15:35] [cam09] SMOKE_DETECTED | conf=0.98 | bbox=[160,128,320,256] | Phát hiện khói bất thường tại ô Fire_Risk_Zone_09|r1c1 | evidence=none | snapshot=alert_11.jpg crop=alert_11_crop.jpg
[10:15:37] [cam09] SMOKE_DETECTED | conf=0.98 | bbox=[0,128,160,256] | Phát hiện khói bất thường tại ô Fire_Risk_Zone_09|r1c0 | evidence=none | snapshot=alert_12.jpg crop=alert_12_crop.jpg
[10:15:37] [cam09] HUMAN_FALL | conf=0.9 | bbox=[71,153,421,352] | Phát hiện người bị ngã | evidence=id=35 cls=0 speed=13.294 | snapshot=alert_13.jpg crop=alert_13_crop.jpg
[10:15:44] [cam09] HUMAN_CONFLICT | conf=1.0 | bbox=[346,36,412,182] | Phát hiện xô xát/đánh nhau/giằng co | evidence=id=47 cls=0 speed=5.575;id=48 cls=0 speed=15.333 | snapshot=alert_14.jpg crop=alert_14_crop.jpg
[10:15:44] [cam09] HUMAN_CONFLICT | conf=1.0 | bbox=[354,36,410,180] | Phát hiện xô xát/đánh nhau/giằng co | evidence=id=47 cls=0 speed=9.915;id=48 cls=0 speed=31.836 | snapshot=alert_15.jpg crop=alert_15_crop.jpg
[10:15:44] [cam09] HUMAN_CONFLICT | conf=1.0 | bbox=[359,37,410,179] | Phát hiện xô xát/đánh nhau/giằng co | evidence=id=47 cls=0 speed=22.888;id=48 cls=0 speed=21.904 | snapshot=alert_16.jpg crop=alert_16_crop.jpg
[10:15:45] [cam09] HUMAN_CONFLICT | conf=1.0 | bbox=[362,37,413,179] | Phát hiện xô xát/đánh nhau/giằng co | evidence=id=47 cls=0 speed=32.93;id=48 cls=0 speed=14.773 | snapshot=alert_17.jpg crop=alert_17_crop.jpg
[10:15:46] [cam09] VEHICLE_COLLISION | conf=0.909 | bbox=[111,4,252,55] | Phát hiện va chạm phương tiện/vật thể | evidence=id=51 cls=2 speed=43.957;id=56 cls=2 speed=8.313 | snapshot=alert_18.jpg crop=alert_18_crop.jpg
[10:15:46] [cam09] HUMAN_CONFLICT | conf=1.0 | bbox=[371,44,442,175] | Phát hiện xô xát/đánh nhau/giằng co | evidence=id=47 cls=0 speed=7.062;id=48 cls=0 speed=10.403 | snapshot=alert_19.jpg crop=alert_19_crop.jpg
[10:15:46] [cam09] HUMAN_CONFLICT | conf=1.0 | bbox=[371,44,444,172] | Phát hiện xô xát/đánh nhau/giằng co | evidence=id=47 cls=0 speed=3.223;id=48 cls=0 speed=12.856 | snapshot=alert_20.jpg crop=alert_20_crop.jpg
[10:15:47] [cam09] HUMAN_CONFLICT | conf=1.0 | bbox=[372,44,446,167] | Phát hiện xô xát/đánh nhau/giằng co | evidence=id=47 cls=0 speed=5.253;id=48 cls=0 speed=16.404 | snapshot=alert_21.jpg crop=alert_21_crop.jpg
[10:15:47] [cam09] HUMAN_CONFLICT | conf=1.0 | bbox=[370,51,452,162] | Phát hiện xô xát/đánh nhau/giằng co | evidence=id=47 cls=0 speed=11.27;id=48 cls=0 speed=9.066 | snapshot=alert_22.jpg crop=alert_22_crop.jpg
[10:15:48] [cam09] HUMAN_CONFLICT | conf=1.0 | bbox=[370,52,454,161] | Phát hiện xô xát/đánh nhau/giằng co | evidence=id=47 cls=0 speed=3.659;id=48 cls=0 speed=7.14 | snapshot=alert_23.jpg crop=alert_23_crop.jpg
[10:15:48] [cam09] HUMAN_CONFLICT | conf=1.0 | bbox=[370,51,457,161] | Phát hiện xô xát/đánh nhau/giằng co | evidence=id=47 cls=0 speed=1.135;id=48 cls=0 speed=11.4 | snapshot=alert_24.jpg crop=alert_24_crop.jpg
[10:15:49] [cam09] SMOKE_DETECTED | conf=0.98 | bbox=[320,256,480,384] | Phát hiện khói bất thường tại ô Fire_Risk_Zone_09|r2c2 | evidence=none | snapshot=alert_25.jpg crop=alert_25_crop.jpg
[10:16:56] [cam09] HUMAN_CONFLICT | conf=1.0 | bbox=[22,28,247,358] | Phát hiện xô xát/đánh nhau/giằng co | evidence=id=104 cls=0 speed=7.613;id=105 cls=0 speed=100.645 | snapshot=alert_26.jpg crop=alert_26_crop.jpg
[10:16:56] [cam09] HUMAN_CONFLICT | conf=1.0 | bbox=[37,29,249,329] | Phát hiện xô xát/đánh nhau/giằng co | evidence=id=104 cls=0 speed=6.392;id=105 cls=0 speed=70.019 | snapshot=alert_27.jpg crop=alert_27_crop.jpg
[10:16:57] [cam09] HUMAN_CONFLICT | conf=1.0 | bbox=[58,30,250,315] | Phát hiện xô xát/đánh nhau/giằng co | evidence=id=104 cls=0 speed=7.148;id=105 cls=0 speed=74.733 | snapshot=alert_28.jpg crop=alert_28_crop.jpg
[10:16:57] [cam09] HUMAN_CONFLICT | conf=1.0 | bbox=[68,31,252,311] | Phát hiện xô xát/đánh nhau/giằng co | evidence=id=104 cls=0 speed=8.925;id=105 cls=0 speed=38.967 | snapshot=alert_29.jpg crop=alert_29_crop.jpg
[10:16:57] [cam09] HUMAN_CONFLICT | conf=1.0 | bbox=[86,32,253,282] | Phát hiện xô xát/đánh nhau/giằng co | evidence=id=104 cls=0 speed=7.097;id=105 cls=0 speed=80.838 | snapshot=alert_30.jpg crop=alert_30_crop.jpg
[10:16:57] [cam09] HUMAN_CONFLICT | conf=1.0 | bbox=[89,34,255,283] | Phát hiện xô xát/đánh nhau/giằng co | evidence=id=104 cls=0 speed=9.539;id=105 cls=0 speed=14.958 | snapshot=alert_31.jpg crop=alert_31_crop.jpg
[10:16:59] [cam09] HUMAN_CONFLICT | conf=1.0 | bbox=[124,42,266,273] | Phát hiện xô xát/đánh nhau/giằng co | evidence=id=104 cls=0 speed=8.049;id=105 cls=0 speed=11.784 | snapshot=alert_32.jpg crop=alert_32_crop.jpg
[10:16:59] [cam09] HUMAN_CONFLICT | conf=1.0 | bbox=[126,44,269,275] | Phát hiện xô xát/đánh nhau/giằng co | evidence=id=104 cls=0 speed=10.801;id=105 cls=0 speed=9.534 | snapshot=alert_33.jpg crop=alert_33_crop.jpg
[10:16:59] [cam09] HUMAN_CONFLICT | conf=1.0 | bbox=[128,45,271,278] | Phát hiện xô xát/đánh nhau/giằng co | evidence=id=104 cls=0 speed=7.591;id=105 cls=0 speed=10.363 | snapshot=alert_34.jpg crop=alert_34_crop.jpg
[10:17:00] [cam09] HUMAN_CONFLICT | conf=1.0 | bbox=[129,45,272,281] | Phát hiện xô xát/đánh nhau/giằng co | evidence=id=104 cls=0 speed=5.321;id=105 cls=0 speed=7.691 | snapshot=alert_35.jpg crop=alert_35_crop.jpg
[10:17:00] [cam09] HUMAN_CONFLICT | conf=1.0 | bbox=[131,46,273,280] | Phát hiện xô xát/đánh nhau/giằng co | evidence=id=104 cls=0 speed=6.435;id=105 cls=0 speed=4.422 | snapshot=alert_36.jpg crop=alert_36_crop.jpg
[10:17:00] [cam09] HUMAN_CONFLICT | conf=1.0 | bbox=[134,47,275,279] | Phát hiện xô xát/đánh nhau/giằng co | evidence=id=104 cls=0 speed=10.108;id=105 cls=0 speed=9.543 | snapshot=alert_37.jpg crop=alert_37_crop.jpg
[10:17:00] [cam09] HUMAN_CONFLICT | conf=1.0 | bbox=[136,47,278,279] | Phát hiện xô xát/đánh nhau/giằng co | evidence=id=104 cls=0 speed=9.647;id=105 cls=0 speed=9.339 | snapshot=alert_38.jpg crop=alert_38_crop.jpg
[10:17:01] [cam09] HUMAN_CONFLICT | conf=1.0 | bbox=[138,48,281,279] | Phát hiện xô xát/đánh nhau/giằng co | evidence=id=104 cls=0 speed=10.657;id=105 cls=0 speed=5.69 | snapshot=alert_39.jpg crop=alert_39_crop.jpg
[10:17:01] [cam09] HUMAN_CONFLICT | conf=1.0 | bbox=[184,48,281,268] | Phát hiện xô xát/đánh nhau/giằng co | evidence=id=104 cls=0 speed=10.657;id=111 cls=0 speed=8.086 | snapshot=alert_40.jpg crop=alert_40_crop.jpg
[10:17:01] [cam09] HUMAN_CONFLICT | conf=1.0 | bbox=[138,50,281,281] | Phát hiện xô xát/đánh nhau/giằng co | evidence=id=104 cls=0 speed=10.729;id=105 cls=0 speed=7.105 | snapshot=alert_41.jpg crop=alert_41_crop.jpg
[10:17:01] [cam09] HUMAN_CONFLICT | conf=1.0 | bbox=[184,49,281,272] | Phát hiện xô xát/đánh nhau/giằng co | evidence=id=104 cls=0 speed=10.729;id=111 cls=0 speed=3.676 | snapshot=alert_42.jpg crop=alert_42_crop.jpg
[10:17:01] [cam09] HUMAN_GROUP_CONFLICT | conf=0.96 | bbox=[138,49,281,281] | Phát hiện cụm 3 người tiếp cận/va chạm/xô xát | evidence=id=104 cls=0 speed=10.729;id=105 cls=0 speed=7.105;id=111 cls=0 speed=3.676 | snapshot=alert_43.jpg crop=alert_43_crop.jpg
[10:17:01] [cam09] HUMAN_CONFLICT | conf=1.0 | bbox=[140,50,283,280] | Phát hiện xô xát/đánh nhau/giằng co | evidence=id=104 cls=0 speed=6.91;id=105 cls=0 speed=5.36 | snapshot=alert_44.jpg crop=alert_44_crop.jpg
[10:17:01] [cam09] HUMAN_CONFLICT | conf=1.0 | bbox=[186,49,283,273] | Phát hiện xô xát/đánh nhau/giằng co | evidence=id=104 cls=0 speed=6.91;id=111 cls=0 speed=5.601 | snapshot=alert_45.jpg crop=alert_45_crop.jpg
[10:17:01] [cam09] HUMAN_GROUP_CONFLICT | conf=0.96 | bbox=[140,49,283,280] | Phát hiện cụm 3 người tiếp cận/va chạm/xô xát | evidence=id=104 cls=0 speed=6.91;id=105 cls=0 speed=5.36;id=111 cls=0 speed=5.601 | snapshot=alert_46.jpg crop=alert_46_crop.jpg
[10:17:01] [cam09] HUMAN_CONFLICT | conf=1.0 | bbox=[141,50,284,280] | Phát hiện xô xát/đánh nhau/giằng co | evidence=id=104 cls=0 speed=3.647;id=105 cls=0 speed=3.415 | snapshot=alert_47.jpg crop=alert_47_crop.jpg
[10:17:01] [cam09] HUMAN_CONFLICT | conf=1.0 | bbox=[187,49,284,274] | Phát hiện xô xát/đánh nhau/giằng co | evidence=id=104 cls=0 speed=3.647;id=111 cls=0 speed=2.539 | snapshot=alert_48.jpg crop=alert_48_crop.jpg
[10:17:01] [cam09] HUMAN_GROUP_CONFLICT | conf=0.96 | bbox=[141,49,284,280] | Phát hiện cụm 3 người tiếp cận/va chạm/xô xát | evidence=id=104 cls=0 speed=3.647;id=105 cls=0 speed=3.415;id=111 cls=0 speed=2.539 | snapshot=alert_49.jpg crop=alert_49_crop.jpg
[10:17:02] [cam09] HUMAN_CONFLICT | conf=1.0 | bbox=[140,50,284,284] | Phát hiện xô xát/đánh nhau/giằng co | evidence=id=104 cls=0 speed=2.95;id=105 cls=0 speed=10.674 | snapshot=alert_50.jpg crop=alert_50_crop.jpg
[10:17:02] [cam09] HUMAN_CONFLICT | conf=1.0 | bbox=[188,50,284,273] | Phát hiện xô xát/đánh nhau/giằng co | evidence=id=104 cls=0 speed=2.95;id=111 cls=0 speed=3.915 | snapshot=alert_51.jpg crop=alert_51_crop.jpg
[10:17:02] [cam09] HUMAN_GROUP_CONFLICT | conf=0.96 | bbox=[140,50,284,284] | Phát hiện cụm 3 người tiếp cận/va chạm/xô xát | evidence=id=104 cls=0 speed=2.95;id=105 cls=0 speed=10.674;id=111 cls=0 speed=3.915 | snapshot=alert_52.jpg crop=alert_52_crop.jpg
[10:17:02] [cam09] HUMAN_CONFLICT | conf=1.0 | bbox=[140,50,284,288] | Phát hiện xô xát/đánh nhau/giằng co | evidence=id=104 cls=0 speed=1.819;id=105 cls=0 speed=10.698 | snapshot=alert_53.jpg crop=alert_53_crop.jpg
[10:17:02] [cam09] HUMAN_CONFLICT | conf=1.0 | bbox=[188,50,284,274] | Phát hiện xô xát/đánh nhau/giằng co | evidence=id=104 cls=0 speed=1.819;id=111 cls=0 speed=0.825 | snapshot=alert_54.jpg crop=alert_54_crop.jpg
[10:17:02] [cam09] HUMAN_GROUP_CONFLICT | conf=0.96 | bbox=[140,50,284,288] | Phát hiện cụm 3 người tiếp cận/va chạm/xô xát | evidence=id=104 cls=0 speed=1.819;id=105 cls=0 speed=10.698;id=111 cls=0 speed=0.825 | snapshot=alert_55.jpg crop=alert_55_crop.jpg
[10:17:02] [cam09] HUMAN_CONFLICT | conf=1.0 | bbox=[141,50,285,294] | Phát hiện xô xát/đánh nhau/giằng co | evidence=id=104 cls=0 speed=1.151;id=105 cls=0 speed=12.466 | snapshot=alert_56.jpg crop=alert_56_crop.jpg
[10:17:02] [cam09] HUMAN_CONFLICT | conf=1.0 | bbox=[188,50,285,275] | Phát hiện xô xát/đánh nhau/giằng co | evidence=id=104 cls=0 speed=1.151;id=111 cls=0 speed=1.297 | snapshot=alert_57.jpg crop=alert_57_crop.jpg
[10:17:02] [cam09] HUMAN_CONFLICT | conf=1.0 | bbox=[141,50,282,294] | Phát hiện xô xát/đánh nhau/giằng co | evidence=id=105 cls=0 speed=12.466;id=111 cls=0 speed=1.297 | snapshot=alert_58.jpg crop=alert_58_crop.jpg
[10:17:02] [cam09] HUMAN_GROUP_CONFLICT | conf=0.96 | bbox=[141,50,285,294] | Phát hiện cụm 3 người tiếp cận/va chạm/xô xát | evidence=id=104 cls=0 speed=1.151;id=105 cls=0 speed=12.466;id=111 cls=0 speed=1.297 | snapshot=alert_59.jpg crop=alert_59_crop.jpg
[10:17:02] [cam09] HUMAN_CONFLICT | conf=1.0 | bbox=[189,50,285,275] | Phát hiện xô xát/đánh nhau/giằng co | evidence=id=104 cls=0 speed=2.734;id=111 cls=0 speed=1.134 | snapshot=alert_60.jpg crop=alert_60_crop.jpg
[10:17:02] [cam09] HUMAN_CONFLICT | conf=1.0 | bbox=[140,50,282,300] | Phát hiện xô xát/đánh nhau/giằng co | evidence=id=105 cls=0 speed=10.947;id=111 cls=0 speed=1.134 | snapshot=alert_61.jpg crop=alert_61_crop.jpg
[10:17:03] [cam09] HUMAN_CONFLICT | conf=1.0 | bbox=[141,50,286,302] | Phát hiện xô xát/đánh nhau/giằng co | evidence=id=104 cls=0 speed=3.811;id=105 cls=0 speed=5.043 | snapshot=alert_62.jpg crop=alert_62_crop.jpg
[10:17:03] [cam09] HUMAN_CONFLICT | conf=1.0 | bbox=[190,50,286,276] | Phát hiện xô xát/đánh nhau/giằng co | evidence=id=104 cls=0 speed=3.811;id=111 cls=0 speed=0.959 | snapshot=alert_63.jpg crop=alert_63_crop.jpg
[10:17:03] [cam09] HUMAN_CONFLICT | conf=1.0 | bbox=[141,50,282,302] | Phát hiện xô xát/đánh nhau/giằng co | evidence=id=105 cls=0 speed=5.043;id=111 cls=0 speed=0.959 | snapshot=alert_64.jpg crop=alert_64_crop.jpg
[10:17:03] [cam09] HUMAN_GROUP_CONFLICT | conf=0.96 | bbox=[141,50,286,302] | Phát hiện cụm 3 người tiếp cận/va chạm/xô xát | evidence=id=104 cls=0 speed=3.811;id=105 cls=0 speed=5.043;id=111 cls=0 speed=0.959 | snapshot=alert_65.jpg crop=alert_65_crop.jpg
[10:17:03] [cam09] HUMAN_CONFLICT | conf=1.0 | bbox=[142,50,282,300] | Phát hiện xô xát/đánh nhau/giằng co | evidence=id=105 cls=0 speed=4.141;id=111 cls=0 speed=0.562 | snapshot=alert_66.jpg crop=alert_66_crop.jpg
[10:17:03] [cam09] HUMAN_CONFLICT | conf=1.0 | bbox=[143,50,283,295] | Phát hiện xô xát/đánh nhau/giằng co | evidence=id=105 cls=0 speed=12.003;id=111 cls=0 speed=0.346 | snapshot=alert_67.jpg crop=alert_67_crop.jpg
[10:17:03] [cam09] HUMAN_CONFLICT | conf=1.0 | bbox=[144,50,282,294] | Phát hiện xô xát/đánh nhau/giằng co | evidence=id=105 cls=0 speed=2.992;id=111 cls=0 speed=2.599 | snapshot=alert_68.jpg crop=alert_68_crop.jpg
[10:17:04] [cam09] HUMAN_CONFLICT | conf=1.0 | bbox=[144,52,283,288] | Phát hiện xô xát/đánh nhau/giằng co | evidence=id=105 cls=0 speed=7.695;id=111 cls=0 speed=2.529 | snapshot=alert_69.jpg crop=alert_69_crop.jpg
[10:17:04] [cam09] HUMAN_CONFLICT | conf=1.0 | bbox=[134,52,283,288] | Phát hiện xô xát/đánh nhau/giằng co | evidence=id=105 cls=0 speed=32.06;id=111 cls=0 speed=0.953 | snapshot=alert_70.jpg crop=alert_70_crop.jpg
[10:24:50] [cam09] SMOKE_DETECTED | conf=0.98 | bbox=[320,0,480,128] | Phát hiện khói bất thường tại ô Fire_Risk_Zone_09|r0c2 | evidence=none | snapshot=alert_1.jpg crop=alert_1_crop.jpg
[10:24:54] [cam09] SMOKE_DETECTED | conf=0.98 | bbox=[480,0,640,128] | Phát hiện khói bất thường tại ô Fire_Risk_Zone_09|r0c3 | evidence=none | snapshot=alert_2.jpg crop=alert_2_crop.jpg
[10:24:58] [cam09] HUMAN_CONFLICT | conf=1.0 | bbox=[135,90,270,373] | Phát hiện xô xát/đánh nhau/giằng co | evidence=id=11 cls=0 speed=12.677;id=13 cls=0 speed=5.781 | snapshot=alert_3.jpg crop=alert_3_crop.jpg
[10:24:59] [cam09] HUMAN_CONFLICT | conf=1.0 | bbox=[136,91,270,373] | Phát hiện xô xát/đánh nhau/giằng co | evidence=id=11 cls=0 speed=3.205;id=13 cls=0 speed=9.989 | snapshot=alert_4.jpg crop=alert_4_crop.jpg
[10:24:59] [cam09] HUMAN_CONFLICT | conf=1.0 | bbox=[140,92,269,366] | Phát hiện xô xát/đánh nhau/giằng co | evidence=id=11 cls=0 speed=34.145;id=13 cls=0 speed=12.327 | snapshot=alert_5.jpg crop=alert_5_crop.jpg
[10:33:19] [cam09] HUMAN_CONFLICT | conf=1.0 | bbox=[471,9,563,190] | Phát hiện xô xát/đánh nhau/giằng co | evidence=id=2 cls=0 speed=1.339;id=3 cls=0 speed=2.557 | snapshot=alert_1.jpg crop=alert_1_crop.jpg
[10:33:19] [cam09] HUMAN_CONFLICT | conf=1.0 | bbox=[470,9,565,190] | Phát hiện xô xát/đánh nhau/giằng co | evidence=id=2 cls=0 speed=4.951;id=3 cls=0 speed=4.912 | snapshot=alert_2.jpg crop=alert_2_crop.jpg
[10:33:19] [cam09] HUMAN_CONFLICT | conf=1.0 | bbox=[471,10,566,190] | Phát hiện xô xát/đánh nhau/giằng co | evidence=id=2 cls=0 speed=7.333;id=3 cls=0 speed=4.002 | snapshot=alert_3.jpg crop=alert_3_crop.jpg
[10:33:20] [cam09] HUMAN_CONFLICT | conf=1.0 | bbox=[471,10,567,190] | Phát hiện xô xát/đánh nhau/giằng co | evidence=id=2 cls=0 speed=0.729;id=3 cls=0 speed=2.707 | snapshot=alert_4.jpg crop=alert_4_crop.jpg
[10:33:20] [cam09] HUMAN_CONFLICT | conf=1.0 | bbox=[471,10,567,190] | Phát hiện xô xát/đánh nhau/giằng co | evidence=id=2 cls=0 speed=10.961;id=3 cls=0 speed=2.015 | snapshot=alert_5.jpg crop=alert_5_crop.jpg
[10:33:21] [cam09] HUMAN_CONFLICT | conf=1.0 | bbox=[475,11,567,190] | Phát hiện xô xát/đánh nhau/giằng co | evidence=id=2 cls=0 speed=10.228;id=3 cls=0 speed=5.073 | snapshot=alert_6.jpg crop=alert_6_crop.jpg
[10:33:21] [cam09] HUMAN_CONFLICT | conf=1.0 | bbox=[475,12,572,190] | Phát hiện xô xát/đánh nhau/giằng co | evidence=id=2 cls=0 speed=3.005;id=3 cls=0 speed=13.626 | snapshot=alert_7.jpg crop=alert_7_crop.jpg
[10:33:22] [cam09] HUMAN_CONFLICT | conf=1.0 | bbox=[476,12,574,190] | Phát hiện xô xát/đánh nhau/giằng co | evidence=id=2 cls=0 speed=4.68;id=3 cls=0 speed=9.875 | snapshot=alert_8.jpg crop=alert_8_crop.jpg
[10:33:22] [cam09] HUMAN_CONFLICT | conf=1.0 | bbox=[478,13,583,189] | Phát hiện xô xát/đánh nhau/giằng co | evidence=id=2 cls=0 speed=7.088;id=3 cls=0 speed=41.174 | snapshot=alert_9.jpg crop=alert_9_crop.jpg
[10:33:49] [cam09] HUMAN_CONFLICT | conf=1.0 | bbox=[471,74,639,244] | Phát hiện xô xát/đánh nhau/giằng co | evidence=id=13 cls=0 speed=13.911;id=18 cls=0 speed=2.508 | snapshot=alert_10.jpg crop=alert_10_crop.jpg
[10:33:49] [cam09] HUMAN_CONFLICT | conf=1.0 | bbox=[467,69,638,244] | Phát hiện xô xát/đánh nhau/giằng co | evidence=id=13 cls=0 speed=19.574;id=18 cls=0 speed=3.015 | snapshot=alert_11.jpg crop=alert_11_crop.jpg
[10:34:12] [cam09] HUMAN_CONFLICT | conf=1.0 | bbox=[506,52,622,203] | Phát hiện xô xát/đánh nhau/giằng co | evidence=id=13 cls=0 speed=0.356;id=26 cls=0 speed=0.724 | snapshot=alert_12.jpg crop=alert_12_crop.jpg
[10:34:21] [cam09] HUMAN_CONFLICT | conf=1.0 | bbox=[544,6,616,173] | Phát hiện xô xát/đánh nhau/giằng co | evidence=id=26 cls=0 speed=4.34;id=31 cls=0 speed=1.095 | snapshot=alert_13.jpg crop=alert_13_crop.jpg
[10:34:22] [cam09] HUMAN_CONFLICT | conf=1.0 | bbox=[544,8,616,173] | Phát hiện xô xát/đánh nhau/giằng co | evidence=id=26 cls=0 speed=1.462;id=31 cls=0 speed=1.543 | snapshot=alert_14.jpg crop=alert_14_crop.jpg
[10:34:22] [cam09] HUMAN_CONFLICT | conf=1.0 | bbox=[544,8,615,173] | Phát hiện xô xát/đánh nhau/giằng co | evidence=id=26 cls=0 speed=3.421;id=31 cls=0 speed=0.891 | snapshot=alert_15.jpg crop=alert_15_crop.jpg
[10:34:23] [cam09] HUMAN_CONFLICT | conf=1.0 | bbox=[544,9,618,173] | Phát hiện xô xát/đánh nhau/giằng co | evidence=id=26 cls=0 speed=9.1;id=31 cls=0 speed=3.769 | snapshot=alert_16.jpg crop=alert_16_crop.jpg
[10:34:23] [cam09] HUMAN_CONFLICT | conf=1.0 | bbox=[544,9,620,173] | Phát hiện xô xát/đánh nhau/giằng co | evidence=id=26 cls=0 speed=1.259;id=31 cls=0 speed=0.39 | snapshot=alert_17.jpg crop=alert_17_crop.jpg
[10:34:24] [cam09] HUMAN_CONFLICT | conf=1.0 | bbox=[545,8,620,173] | Phát hiện xô xát/đánh nhau/giằng co | evidence=id=26 cls=0 speed=2.159;id=31 cls=0 speed=2.51 | snapshot=alert_18.jpg crop=alert_18_crop.jpg
[10:34:24] [cam09] HUMAN_CONFLICT | conf=1.0 | bbox=[545,7,620,172] | Phát hiện xô xát/đánh nhau/giằng co | evidence=id=26 cls=0 speed=2.063;id=31 cls=0 speed=1.335 | snapshot=alert_19.jpg crop=alert_19_crop.jpg
[10:34:24] [cam09] HUMAN_CONFLICT | conf=1.0 | bbox=[544,7,620,172] | Phát hiện xô xát/đánh nhau/giằng co | evidence=id=26 cls=0 speed=0.863;id=31 cls=0 speed=1.69 | snapshot=alert_20.jpg crop=alert_20_crop.jpg
[10:34:25] [cam09] HUMAN_CONFLICT | conf=1.0 | bbox=[544,7,620,172] | Phát hiện xô xát/đánh nhau/giằng co | evidence=id=26 cls=0 speed=2.89;id=31 cls=0 speed=3.415 | snapshot=alert_21.jpg crop=alert_21_crop.jpg
[10:34:25] [cam09] HUMAN_CONFLICT | conf=1.0 | bbox=[543,7,619,172] | Phát hiện xô xát/đánh nhau/giằng co | evidence=id=26 cls=0 speed=2.879;id=31 cls=0 speed=1.0 | snapshot=alert_22.jpg crop=alert_22_crop.jpg
[10:34:25] [cam09] HUMAN_CONFLICT | conf=1.0 | bbox=[543,7,619,172] | Phát hiện xô xát/đánh nhau/giằng co | evidence=id=26 cls=0 speed=2.012;id=31 cls=0 speed=1.694 | snapshot=alert_23.jpg crop=alert_23_crop.jpg
[10:34:25] [cam09] HUMAN_CONFLICT | conf=1.0 | bbox=[543,7,619,172] | Phát hiện xô xát/đánh nhau/giằng co | evidence=id=26 cls=0 speed=1.092;id=31 cls=0 speed=1.447 | snapshot=alert_24.jpg crop=alert_24_crop.jpg
[10:34:26] [cam09] HUMAN_CONFLICT | conf=1.0 | bbox=[543,8,620,172] | Phát hiện xô xát/đánh nhau/giằng co | evidence=id=26 cls=0 speed=1.397;id=31 cls=0 speed=1.01 | snapshot=alert_25.jpg crop=alert_25_crop.jpg
[10:34:27] [cam09] HUMAN_CONFLICT | conf=1.0 | bbox=[543,9,621,172] | Phát hiện xô xát/đánh nhau/giằng co | evidence=id=26 cls=0 speed=1.263;id=31 cls=0 speed=0.822 | snapshot=alert_26.jpg crop=alert_26_crop.jpg
[10:34:27] [cam09] HUMAN_CONFLICT | conf=1.0 | bbox=[543,9,621,172] | Phát hiện xô xát/đánh nhau/giằng co | evidence=id=26 cls=0 speed=0.256;id=31 cls=0 speed=0.882 | snapshot=alert_27.jpg crop=alert_27_crop.jpg
[10:34:27] [cam09] HUMAN_CONFLICT | conf=1.0 | bbox=[543,9,621,172] | Phát hiện xô xát/đánh nhau/giằng co | evidence=id=26 cls=0 speed=1.282;id=31 cls=0 speed=1.358 | snapshot=alert_28.jpg crop=alert_28_crop.jpg
[10:34:28] [cam09] HUMAN_CONFLICT | conf=1.0 | bbox=[544,9,621,172] | Phát hiện xô xát/đánh nhau/giằng co | evidence=id=26 cls=0 speed=0.394;id=31 cls=0 speed=0.606 | snapshot=alert_29.jpg crop=alert_29_crop.jpg
[10:34:28] [cam09] HUMAN_CONFLICT | conf=1.0 | bbox=[544,9,621,172] | Phát hiện xô xát/đánh nhau/giằng co | evidence=id=26 cls=0 speed=1.358;id=31 cls=0 speed=1.146 | snapshot=alert_30.jpg crop=alert_30_crop.jpg
[10:34:28] [cam09] HUMAN_CONFLICT | conf=1.0 | bbox=[544,10,622,173] | Phát hiện xô xát/đánh nhau/giằng co | evidence=id=26 cls=0 speed=2.575;id=31 cls=0 speed=0.697 | snapshot=alert_31.jpg crop=alert_31_crop.jpg
[10:34:28] [cam09] HUMAN_CONFLICT | conf=1.0 | bbox=[544,10,622,173] | Phát hiện xô xát/đánh nhau/giằng co | evidence=id=26 cls=0 speed=2.937;id=31 cls=0 speed=1.772 | snapshot=alert_32.jpg crop=alert_32_crop.jpg
[10:34:29] [cam09] HUMAN_CONFLICT | conf=1.0 | bbox=[545,10,623,172] | Phát hiện xô xát/đánh nhau/giằng co | evidence=id=26 cls=0 speed=2.126;id=31 cls=0 speed=1.457 | snapshot=alert_33.jpg crop=alert_33_crop.jpg
[10:34:29] [cam09] HUMAN_CONFLICT | conf=1.0 | bbox=[545,9,623,172] | Phát hiện xô xát/đánh nhau/giằng co | evidence=id=26 cls=0 speed=1.246;id=31 cls=0 speed=1.427 | snapshot=alert_34.jpg crop=alert_34_crop.jpg
[10:34:30] [cam09] HUMAN_CONFLICT | conf=1.0 | bbox=[546,9,623,172] | Phát hiện xô xát/đánh nhau/giằng co | evidence=id=26 cls=0 speed=1.132;id=31 cls=0 speed=1.477 | snapshot=alert_35.jpg crop=alert_35_crop.jpg
[10:34:30] [cam09] HUMAN_CONFLICT | conf=1.0 | bbox=[547,9,623,172] | Phát hiện xô xát/đánh nhau/giằng co | evidence=id=26 cls=0 speed=0.4;id=31 cls=0 speed=1.075 | snapshot=alert_36.jpg crop=alert_36_crop.jpg
[10:34:31] [cam09] HUMAN_CONFLICT | conf=1.0 | bbox=[547,9,623,172] | Phát hiện xô xát/đánh nhau/giằng co | evidence=id=26 cls=0 speed=0.598;id=31 cls=0 speed=0.944 | snapshot=alert_37.jpg crop=alert_37_crop.jpg
[10:34:50] [cam09] HUMAN_CONFLICT | conf=1.0 | bbox=[308,53,496,305] | Phát hiện xô xát/đánh nhau/giằng co | evidence=id=13 cls=0 speed=13.008;id=40 cls=0 speed=13.538 | snapshot=alert_38.jpg crop=alert_38_crop.jpg
[10:34:50] [cam09] HUMAN_CONFLICT | conf=1.0 | bbox=[305,54,496,299] | Phát hiện xô xát/đánh nhau/giằng co | evidence=id=13 cls=0 speed=10.07;id=40 cls=0 speed=28.787 | snapshot=alert_39.jpg crop=alert_39_crop.jpg
[10:34:50] [cam09] HUMAN_CONFLICT | conf=1.0 | bbox=[305,54,496,288] | Phát hiện xô xát/đánh nhau/giằng co | evidence=id=13 cls=0 speed=3.024;id=40 cls=0 speed=31.745 | snapshot=alert_40.jpg crop=alert_40_crop.jpg
[10:34:50] [cam09] HUMAN_GROUP_CONFLICT | conf=0.96 | bbox=[305,7,496,288] | Phát hiện cụm 3 người tiếp cận/va chạm/xô xát | evidence=id=1 cls=0 speed=10.473;id=13 cls=0 speed=3.024;id=40 cls=0 speed=31.745 | snapshot=alert_41.jpg crop=alert_41_crop.jpg
[10:34:50] [cam09] HUMAN_CONFLICT | conf=1.0 | bbox=[308,55,497,269] | Phát hiện xô xát/đánh nhau/giằng co | evidence=id=13 cls=0 speed=3.67;id=40 cls=0 speed=42.888 | snapshot=alert_42.jpg crop=alert_42_crop.jpg
[10:34:50] [cam09] HUMAN_GROUP_CONFLICT | conf=0.96 | bbox=[308,7,497,269] | Phát hiện cụm 3 người tiếp cận/va chạm/xô xát | evidence=id=1 cls=0 speed=12.194;id=13 cls=0 speed=3.67;id=40 cls=0 speed=42.888 | snapshot=alert_43.jpg crop=alert_43_crop.jpg
[10:34:51] [cam09] HUMAN_CONFLICT | conf=1.0 | bbox=[311,54,498,255] | Phát hiện xô xát/đánh nhau/giằng co | evidence=id=13 cls=0 speed=2.569;id=40 cls=0 speed=28.636 | snapshot=alert_44.jpg crop=alert_44_crop.jpg
[10:34:51] [cam09] HUMAN_GROUP_CONFLICT | conf=0.96 | bbox=[311,7,498,255] | Phát hiện cụm 3 người tiếp cận/va chạm/xô xát | evidence=id=1 cls=0 speed=7.887;id=13 cls=0 speed=2.569;id=40 cls=0 speed=28.636 | snapshot=alert_45.jpg crop=alert_45_crop.jpg
[10:34:51] [cam09] HUMAN_CONFLICT | conf=1.0 | bbox=[309,54,499,248] | Phát hiện xô xát/đánh nhau/giằng co | evidence=id=13 cls=0 speed=3.647;id=40 cls=0 speed=22.585 | snapshot=alert_46.jpg crop=alert_46_crop.jpg
[10:34:51] [cam09] HUMAN_CONFLICT | conf=1.0 | bbox=[272,54,448,248] | Phát hiện xô xát/đánh nhau/giằng co | evidence=id=39 cls=0 speed=10.119;id=40 cls=0 speed=22.585 | snapshot=alert_47.jpg crop=alert_47_crop.jpg
[10:34:51] [cam09] HUMAN_GROUP_CONFLICT | conf=0.96 | bbox=[309,6,499,248] | Phát hiện cụm 3 người tiếp cận/va chạm/xô xát | evidence=id=1 cls=0 speed=9.017;id=13 cls=0 speed=3.647;id=40 cls=0 speed=22.585 | snapshot=alert_48.jpg crop=alert_48_crop.jpg
[10:34:51] [cam09] HUMAN_CONFLICT | conf=1.0 | bbox=[312,51,500,242] | Phát hiện xô xát/đánh nhau/giằng co | evidence=id=13 cls=0 speed=2.204;id=40 cls=0 speed=9.186 | snapshot=alert_49.jpg crop=alert_49_crop.jpg
[10:34:51] [cam09] HUMAN_CONFLICT | conf=1.0 | bbox=[272,52,446,242] | Phát hiện xô xát/đánh nhau/giằng co | evidence=id=39 cls=0 speed=1.991;id=40 cls=0 speed=9.186 | snapshot=alert_50.jpg crop=alert_50_crop.jpg
[10:34:52] [cam09] HUMAN_CONFLICT | conf=1.0 | bbox=[322,5,447,235] | Phát hiện xô xát/đánh nhau/giằng co | evidence=id=1 cls=0 speed=6.183;id=40 cls=0 speed=21.994 | snapshot=alert_51.jpg crop=alert_51_crop.jpg
[10:34:52] [cam09] HUMAN_CONFLICT | conf=1.0 | bbox=[322,51,500,235] | Phát hiện xô xát/đánh nhau/giằng co | evidence=id=13 cls=0 speed=2.853;id=40 cls=0 speed=21.994 | snapshot=alert_52.jpg crop=alert_52_crop.jpg
[10:34:52] [cam09] HUMAN_CONFLICT | conf=1.0 | bbox=[269,51,447,235] | Phát hiện xô xát/đánh nhau/giằng co | evidence=id=39 cls=0 speed=10.361;id=40 cls=0 speed=21.994 | snapshot=alert_53.jpg crop=alert_53_crop.jpg
[10:34:52] [cam09] HUMAN_CONFLICT | conf=1.0 | bbox=[327,4,447,232] | Phát hiện xô xát/đánh nhau/giằng co | evidence=id=1 cls=0 speed=1.92;id=40 cls=0 speed=11.223 | snapshot=alert_54.jpg crop=alert_54_crop.jpg
[10:34:52] [cam09] HUMAN_CONFLICT | conf=1.0 | bbox=[269,50,447,232] | Phát hiện xô xát/đánh nhau/giằng co | evidence=id=39 cls=0 speed=2.093;id=40 cls=0 speed=11.223 | snapshot=alert_55.jpg crop=alert_55_crop.jpg
[10:34:52] [cam09] HUMAN_CONFLICT | conf=1.0 | bbox=[332,3,451,233] | Phát hiện xô xát/đánh nhau/giằng co | evidence=id=1 cls=0 speed=2.322;id=40 cls=0 speed=16.462 | snapshot=alert_56.jpg crop=alert_56_crop.jpg
[10:34:52] [cam09] HUMAN_CONFLICT | conf=1.0 | bbox=[332,46,502,233] | Phát hiện xô xát/đánh nhau/giằng co | evidence=id=13 cls=0 speed=4.263;id=40 cls=0 speed=16.462 | snapshot=alert_57.jpg crop=alert_57_crop.jpg
[10:34:52] [cam09] HUMAN_CONFLICT | conf=1.0 | bbox=[269,46,451,233] | Phát hiện xô xát/đánh nhau/giằng co | evidence=id=39 cls=0 speed=4.411;id=40 cls=0 speed=16.462 | snapshot=alert_58.jpg crop=alert_58_crop.jpg
[10:34:53] [cam09] HUMAN_CONFLICT | conf=1.0 | bbox=[338,2,453,233] | Phát hiện xô xát/đánh nhau/giằng co | evidence=id=1 cls=0 speed=3.632;id=40 cls=0 speed=12.375 | snapshot=alert_59.jpg crop=alert_59_crop.jpg
[10:34:53] [cam09] HUMAN_CONFLICT | conf=1.0 | bbox=[270,45,453,233] | Phát hiện xô xát/đánh nhau/giằng co | evidence=id=39 cls=0 speed=2.609;id=40 cls=0 speed=12.375 | snapshot=alert_60.jpg crop=alert_60_crop.jpg
[10:34:53] [cam09] HUMAN_CONFLICT | conf=1.0 | bbox=[341,2,453,233] | Phát hiện xô xát/đánh nhau/giằng co | evidence=id=1 cls=0 speed=21.458;id=40 cls=0 speed=8.483 | snapshot=alert_61.jpg crop=alert_61_crop.jpg
[10:34:53] [cam09] HUMAN_CONFLICT | conf=1.0 | bbox=[341,42,503,233] | Phát hiện xô xát/đánh nhau/giằng co | evidence=id=13 cls=0 speed=2.53;id=40 cls=0 speed=8.483 | snapshot=alert_62.jpg crop=alert_62_crop.jpg
[10:34:53] [cam09] HUMAN_CONFLICT | conf=1.0 | bbox=[272,42,453,233] | Phát hiện xô xát/đánh nhau/giằng co | evidence=id=39 cls=0 speed=19.806;id=40 cls=0 speed=8.483 | snapshot=alert_63.jpg crop=alert_63_crop.jpg
[10:34:53] [cam09] HUMAN_GROUP_CONFLICT | conf=0.901 | bbox=[272,2,453,233] | Phát hiện cụm 3 người tiếp cận/va chạm/xô xát | evidence=id=1 cls=0 speed=21.458;id=39 cls=0 speed=19.806;id=40 cls=0 speed=8.483 | snapshot=alert_64.jpg crop=alert_64_crop.jpg
[10:34:54] [cam09] HUMAN_CONFLICT | conf=1.0 | bbox=[347,3,453,238] | Phát hiện xô xát/đánh nhau/giằng co | evidence=id=1 cls=0 speed=12.9;id=40 cls=0 speed=5.431 | snapshot=alert_65.jpg crop=alert_65_crop.jpg
[10:34:54] [cam09] HUMAN_CONFLICT | conf=1.0 | bbox=[347,36,508,238] | Phát hiện xô xát/đánh nhau/giằng co | evidence=id=13 cls=0 speed=7.409;id=40 cls=0 speed=5.431 | snapshot=alert_66.jpg crop=alert_66_crop.jpg
[10:34:54] [cam09] HUMAN_CONFLICT | conf=1.0 | bbox=[348,4,453,243] | Phát hiện xô xát/đánh nhau/giằng co | evidence=id=1 cls=0 speed=4.961;id=40 cls=0 speed=7.626 | snapshot=alert_67.jpg crop=alert_67_crop.jpg
[10:34:54] [cam09] HUMAN_CONFLICT | conf=1.0 | bbox=[348,36,510,243] | Phát hiện xô xát/đánh nhau/giằng co | evidence=id=13 cls=0 speed=7.574;id=40 cls=0 speed=7.626 | snapshot=alert_68.jpg crop=alert_68_crop.jpg
[10:34:54] [cam09] HUMAN_GROUP_CONFLICT | conf=0.96 | bbox=[348,4,510,243] | Phát hiện cụm 3 người tiếp cận/va chạm/xô xát | evidence=id=1 cls=0 speed=4.961;id=13 cls=0 speed=7.574;id=40 cls=0 speed=7.626 | snapshot=alert_69.jpg crop=alert_69_crop.jpg
[10:34:55] [cam09] HUMAN_CONFLICT | conf=1.0 | bbox=[349,5,451,246] | Phát hiện xô xát/đánh nhau/giằng co | evidence=id=1 cls=0 speed=3.445;id=40 cls=0 speed=3.837 | snapshot=alert_70.jpg crop=alert_70_crop.jpg
[10:34:55] [cam09] HUMAN_CONFLICT | conf=1.0 | bbox=[351,5,450,245] | Phát hiện xô xát/đánh nhau/giằng co | evidence=id=1 cls=0 speed=0.666;id=40 cls=0 speed=1.046 | snapshot=alert_71.jpg crop=alert_71_crop.jpg
[10:34:56] [cam09] HUMAN_CONFLICT | conf=1.0 | bbox=[355,39,530,240] | Phát hiện xô xát/đánh nhau/giằng co | evidence=id=13 cls=0 speed=23.883;id=40 cls=0 speed=0.707 | snapshot=alert_72.jpg crop=alert_72_crop.jpg
[10:34:56] [cam09] HUMAN_CONFLICT | conf=1.0 | bbox=[354,5,442,240] | Phát hiện xô xát/đánh nhau/giằng co | evidence=id=1 cls=0 speed=5.265;id=40 cls=0 speed=3.663 | snapshot=alert_73.jpg crop=alert_73_crop.jpg
[10:34:56] [cam09] HUMAN_GROUP_CONFLICT | conf=0.925 | bbox=[252,5,442,240] | Phát hiện cụm 3 người tiếp cận/va chạm/xô xát | evidence=id=1 cls=0 speed=5.265;id=39 cls=0 speed=30.355;id=40 cls=0 speed=3.663 | snapshot=alert_74.jpg crop=alert_74_crop.jpg
[10:34:59] [cam09] HUMAN_CONFLICT | conf=1.0 | bbox=[358,37,548,239] | Phát hiện xô xát/đánh nhau/giằng co | evidence=id=13 cls=0 speed=12.929;id=40 cls=0 speed=6.322 | snapshot=alert_75.jpg crop=alert_75_crop.jpg
[10:34:59] [cam09] HUMAN_CONFLICT | conf=1.0 | bbox=[360,36,546,239] | Phát hiện xô xát/đánh nhau/giằng co | evidence=id=13 cls=0 speed=9.529;id=40 cls=0 speed=3.778 | snapshot=alert_76.jpg crop=alert_76_crop.jpg
[10:34:59] [cam09] HUMAN_CONFLICT | conf=1.0 | bbox=[461,22,597,189] | Phát hiện xô xát/đánh nhau/giằng co | evidence=id=13 cls=0 speed=14.048;id=36 cls=0 speed=6.196 | snapshot=alert_77.jpg crop=alert_77_crop.jpg
[10:34:59] [cam09] HUMAN_CONFLICT | conf=1.0 | bbox=[361,35,543,238] | Phát hiện xô xát/đánh nhau/giằng co | evidence=id=13 cls=0 speed=14.048;id=40 cls=0 speed=4.002 | snapshot=alert_78.jpg crop=alert_78_crop.jpg
[10:35:00] [cam09] HUMAN_CONFLICT | conf=1.0 | bbox=[456,23,598,189] | Phát hiện xô xát/đánh nhau/giằng co | evidence=id=13 cls=0 speed=20.068;id=36 cls=0 speed=5.307 | snapshot=alert_79.jpg crop=alert_79_crop.jpg
[10:35:00] [cam09] HUMAN_CONFLICT | conf=1.0 | bbox=[363,35,536,238] | Phát hiện xô xát/đánh nhau/giằng co | evidence=id=13 cls=0 speed=20.068;id=40 cls=0 speed=3.396 | snapshot=alert_80.jpg crop=alert_80_crop.jpg
[10:35:00] [cam09] HUMAN_CONFLICT | conf=1.0 | bbox=[451,24,599,189] | Phát hiện xô xát/đánh nhau/giằng co | evidence=id=13 cls=0 speed=16.004;id=36 cls=0 speed=3.019 | snapshot=alert_81.jpg crop=alert_81_crop.jpg
[10:35:00] [cam09] HUMAN_CONFLICT | conf=1.0 | bbox=[364,37,530,238] | Phát hiện xô xát/đánh nhau/giằng co | evidence=id=13 cls=0 speed=16.004;id=40 cls=0 speed=3.251 | snapshot=alert_82.jpg crop=alert_82_crop.jpg
[10:35:00] [cam09] HUMAN_CONFLICT | conf=1.0 | bbox=[365,37,525,238] | Phát hiện xô xát/đánh nhau/giằng co | evidence=id=13 cls=0 speed=14.329;id=40 cls=0 speed=0.436 | snapshot=alert_83.jpg crop=alert_83_crop.jpg
[10:35:01] [cam09] HUMAN_CONFLICT | conf=1.0 | bbox=[452,25,597,189] | Phát hiện xô xát/đánh nhau/giằng co | evidence=id=13 cls=0 speed=8.589;id=36 cls=0 speed=4.277 | snapshot=alert_84.jpg crop=alert_84_crop.jpg
[10:35:01] [cam09] HUMAN_CONFLICT | conf=1.0 | bbox=[364,38,527,239] | Phát hiện xô xát/đánh nhau/giằng co | evidence=id=13 cls=0 speed=8.589;id=40 cls=0 speed=2.436 | snapshot=alert_85.jpg crop=alert_85_crop.jpg
[10:35:01] [cam09] HUMAN_CONFLICT | conf=1.0 | bbox=[455,25,596,190] | Phát hiện xô xát/đánh nhau/giằng co | evidence=id=13 cls=0 speed=5.588;id=36 cls=0 speed=2.219 | snapshot=alert_86.jpg crop=alert_86_crop.jpg
[10:35:01] [cam09] HUMAN_CONFLICT | conf=1.0 | bbox=[365,39,527,241] | Phát hiện xô xát/đánh nhau/giằng co | evidence=id=13 cls=0 speed=5.588;id=40 cls=0 speed=4.441 | snapshot=alert_87.jpg crop=alert_87_crop.jpg
[10:40:39] [cam09] HUMAN_CONFLICT | conf=1.0 | bbox=[33,28,248,333] | Phát hiện xô xát/đánh nhau/giằng co | evidence=id=52 cls=0 speed=4.466;id=55 cls=0 speed=43.548 | snapshot=alert_1.jpg crop=alert_1_crop.jpg
[10:40:39] [cam09] HUMAN_CONFLICT | conf=1.0 | bbox=[48,29,249,314] | Phát hiện xô xát/đánh nhau/giằng co | evidence=id=52 cls=0 speed=5.676;id=55 cls=0 speed=53.284 | snapshot=alert_2.jpg crop=alert_2_crop.jpg
[10:40:40] [cam09] HUMAN_CONFLICT | conf=1.0 | bbox=[58,30,251,334] | Phát hiện xô xát/đánh nhau/giằng co | evidence=id=52 cls=0 speed=8.966;id=55 cls=0 speed=64.913 | snapshot=alert_3.jpg crop=alert_3_crop.jpg
[10:40:40] [cam09] HUMAN_CONFLICT | conf=1.0 | bbox=[67,32,253,324] | Phát hiện xô xát/đánh nhau/giằng co | evidence=id=52 cls=0 speed=6.545;id=55 cls=0 speed=31.206 | snapshot=alert_4.jpg crop=alert_4_crop.jpg
[10:40:40] [cam09] HUMAN_CONFLICT | conf=1.0 | bbox=[91,33,254,287] | Phát hiện xô xát/đánh nhau/giằng co | evidence=id=52 cls=0 speed=7.051;id=55 cls=0 speed=85.613 | snapshot=alert_5.jpg crop=alert_5_crop.jpg
[10:40:40] [cam09] HUMAN_CONFLICT | conf=1.0 | bbox=[92,35,256,277] | Phát hiện xô xát/đánh nhau/giằng co | evidence=id=52 cls=0 speed=9.192;id=55 cls=0 speed=16.108 | snapshot=alert_6.jpg crop=alert_6_crop.jpg
[10:40:41] [cam09] HUMAN_CONFLICT | conf=1.0 | bbox=[95,37,258,268] | Phát hiện xô xát/đánh nhau/giằng co | evidence=id=52 cls=0 speed=12.669;id=55 cls=0 speed=17.447 | snapshot=alert_7.jpg crop=alert_7_crop.jpg
[10:40:41] [cam09] HUMAN_CONFLICT | conf=1.0 | bbox=[106,38,260,267] | Phát hiện xô xát/đánh nhau/giằng co | evidence=id=52 cls=0 speed=8.588;id=55 cls=0 speed=40.659 | snapshot=alert_8.jpg crop=alert_8_crop.jpg
[10:40:43] [cam09] HUMAN_CONFLICT | conf=1.0 | bbox=[128,45,272,280] | Phát hiện xô xát/đánh nhau/giằng co | evidence=id=52 cls=0 speed=6.962;id=55 cls=0 speed=11.213 | snapshot=alert_9.jpg crop=alert_9_crop.jpg
[10:40:43] [cam09] HUMAN_CONFLICT | conf=1.0 | bbox=[129,46,273,282] | Phát hiện xô xát/đánh nhau/giằng co | evidence=id=52 cls=0 speed=3.76;id=55 cls=0 speed=5.518 | snapshot=alert_10.jpg crop=alert_10_crop.jpg
[10:40:43] [cam09] HUMAN_CONFLICT | conf=1.0 | bbox=[131,47,275,282] | Phát hiện xô xát/đánh nhau/giằng co | evidence=id=52 cls=0 speed=7.872;id=55 cls=0 speed=6.02 | snapshot=alert_11.jpg crop=alert_11_crop.jpg
[10:40:43] [cam09] HUMAN_CONFLICT | conf=1.0 | bbox=[180,46,275,262] | Phát hiện xô xát/đánh nhau/giằng co | evidence=id=52 cls=0 speed=7.872;id=57 cls=0 speed=6.632 | snapshot=alert_12.jpg crop=alert_12_crop.jpg
[10:40:43] [cam09] HUMAN_CONFLICT | conf=1.0 | bbox=[131,46,272,282] | Phát hiện xô xát/đánh nhau/giằng co | evidence=id=55 cls=0 speed=6.02;id=57 cls=0 speed=6.632 | snapshot=alert_13.jpg crop=alert_13_crop.jpg
[10:40:43] [cam09] HUMAN_GROUP_CONFLICT | conf=0.96 | bbox=[131,46,275,282] | Phát hiện cụm 3 người tiếp cận/va chạm/xô xát | evidence=id=52 cls=0 speed=7.872;id=55 cls=0 speed=6.02;id=57 cls=0 speed=6.632 | snapshot=alert_14.jpg crop=alert_14_crop.jpg
[10:40:43] [cam09] HUMAN_CONFLICT | conf=1.0 | bbox=[135,48,276,279] | Phát hiện xô xát/đánh nhau/giằng co | evidence=id=52 cls=0 speed=7.083;id=55 cls=0 speed=6.743 | snapshot=alert_15.jpg crop=alert_15_crop.jpg
[10:40:43] [cam09] HUMAN_CONFLICT | conf=1.0 | bbox=[181,47,276,264] | Phát hiện xô xát/đánh nhau/giằng co | evidence=id=52 cls=0 speed=7.083;id=57 cls=0 speed=6.145 | snapshot=alert_16.jpg crop=alert_16_crop.jpg
[10:40:44] [cam09] HUMAN_CONFLICT | conf=1.0 | bbox=[137,48,279,279] | Phát hiện xô xát/đánh nhau/giằng co | evidence=id=52 cls=0 speed=9.295;id=55 cls=0 speed=7.8 | snapshot=alert_17.jpg crop=alert_17_crop.jpg
[10:40:44] [cam09] HUMAN_CONFLICT | conf=1.0 | bbox=[182,47,279,267] | Phát hiện xô xát/đánh nhau/giằng co | evidence=id=52 cls=0 speed=9.295;id=57 cls=0 speed=5.211 | snapshot=alert_18.jpg crop=alert_18_crop.jpg
[10:40:44] [cam09] HUMAN_CONFLICT | conf=1.0 | bbox=[137,47,275,279] | Phát hiện xô xát/đánh nhau/giằng co | evidence=id=55 cls=0 speed=7.8;id=57 cls=0 speed=5.211 | snapshot=alert_19.jpg crop=alert_19_crop.jpg
[10:40:44] [cam09] HUMAN_GROUP_CONFLICT | conf=0.96 | bbox=[137,47,279,279] | Phát hiện cụm 3 người tiếp cận/va chạm/xô xát | evidence=id=52 cls=0 speed=9.295;id=55 cls=0 speed=7.8;id=57 cls=0 speed=5.211 | snapshot=alert_20.jpg crop=alert_20_crop.jpg
[10:40:44] [cam09] HUMAN_CONFLICT | conf=1.0 | bbox=[139,49,280,280] | Phát hiện xô xát/đánh nhau/giằng co | evidence=id=52 cls=0 speed=6.67;id=55 cls=0 speed=7.367 | snapshot=alert_21.jpg crop=alert_21_crop.jpg
[10:40:44] [cam09] HUMAN_CONFLICT | conf=1.0 | bbox=[184,49,280,269] | Phát hiện xô xát/đánh nhau/giằng co | evidence=id=52 cls=0 speed=6.67;id=57 cls=0 speed=4.837 | snapshot=alert_22.jpg crop=alert_22_crop.jpg
[10:40:44] [cam09] HUMAN_CONFLICT | conf=1.0 | bbox=[139,49,277,280] | Phát hiện xô xát/đánh nhau/giằng co | evidence=id=55 cls=0 speed=7.367;id=57 cls=0 speed=4.837 | snapshot=alert_23.jpg crop=alert_23_crop.jpg
[10:40:44] [cam09] HUMAN_GROUP_CONFLICT | conf=0.96 | bbox=[139,49,280,280] | Phát hiện cụm 3 người tiếp cận/va chạm/xô xát | evidence=id=52 cls=0 speed=6.67;id=55 cls=0 speed=7.367;id=57 cls=0 speed=4.837 | snapshot=alert_24.jpg crop=alert_24_crop.jpg
[10:40:44] [cam09] HUMAN_CONFLICT | conf=1.0 | bbox=[139,51,281,280] | Phát hiện xô xát/đánh nhau/giằng co | evidence=id=52 cls=0 speed=9.769;id=55 cls=0 speed=6.41 | snapshot=alert_25.jpg crop=alert_25_crop.jpg
[10:40:44] [cam09] HUMAN_CONFLICT | conf=1.0 | bbox=[185,50,281,272] | Phát hiện xô xát/đánh nhau/giằng co | evidence=id=52 cls=0 speed=9.769;id=57 cls=0 speed=5.216 | snapshot=alert_26.jpg crop=alert_26_crop.jpg
[10:40:44] [cam09] HUMAN_CONFLICT | conf=1.0 | bbox=[139,50,277,280] | Phát hiện xô xát/đánh nhau/giằng co | evidence=id=55 cls=0 speed=6.41;id=57 cls=0 speed=5.216 | snapshot=alert_27.jpg crop=alert_27_crop.jpg
[10:40:44] [cam09] HUMAN_GROUP_CONFLICT | conf=0.96 | bbox=[139,50,281,280] | Phát hiện cụm 3 người tiếp cận/va chạm/xô xát | evidence=id=52 cls=0 speed=9.769;id=55 cls=0 speed=6.41;id=57 cls=0 speed=5.216 | snapshot=alert_28.jpg crop=alert_28_crop.jpg
[10:40:45] [cam09] HUMAN_CONFLICT | conf=1.0 | bbox=[140,50,283,280] | Phát hiện xô xát/đánh nhau/giằng co | evidence=id=52 cls=0 speed=4.959;id=55 cls=0 speed=4.714 | snapshot=alert_29.jpg crop=alert_29_crop.jpg
[10:40:45] [cam09] HUMAN_CONFLICT | conf=1.0 | bbox=[186,50,283,274] | Phát hiện xô xát/đánh nhau/giằng co | evidence=id=52 cls=0 speed=4.959;id=57 cls=0 speed=3.566 | snapshot=alert_30.jpg crop=alert_30_crop.jpg
[10:40:45] [cam09] HUMAN_GROUP_CONFLICT | conf=0.96 | bbox=[140,50,283,280] | Phát hiện cụm 3 người tiếp cận/va chạm/xô xát | evidence=id=52 cls=0 speed=4.959;id=55 cls=0 speed=4.714;id=57 cls=0 speed=3.566 | snapshot=alert_31.jpg crop=alert_31_crop.jpg
[10:40:45] [cam09] HUMAN_CONFLICT | conf=1.0 | bbox=[141,50,284,283] | Phát hiện xô xát/đánh nhau/giằng co | evidence=id=52 cls=0 speed=3.449;id=55 cls=0 speed=8.968 | snapshot=alert_32.jpg crop=alert_32_crop.jpg
[10:40:45] [cam09] HUMAN_CONFLICT | conf=1.0 | bbox=[187,50,284,273] | Phát hiện xô xát/đánh nhau/giằng co | evidence=id=52 cls=0 speed=3.449;id=57 cls=0 speed=2.708 | snapshot=alert_33.jpg crop=alert_33_crop.jpg
[10:40:45] [cam09] HUMAN_CONFLICT | conf=1.0 | bbox=[141,50,280,283] | Phát hiện xô xát/đánh nhau/giằng co | evidence=id=55 cls=0 speed=8.968;id=57 cls=0 speed=2.708 | snapshot=alert_34.jpg crop=alert_34_crop.jpg
[10:40:45] [cam09] HUMAN_GROUP_CONFLICT | conf=0.96 | bbox=[141,50,284,283] | Phát hiện cụm 3 người tiếp cận/va chạm/xô xát | evidence=id=52 cls=0 speed=3.449;id=55 cls=0 speed=8.968;id=57 cls=0 speed=2.708 | snapshot=alert_35.jpg crop=alert_35_crop.jpg
[10:40:45] [cam09] HUMAN_CONFLICT | conf=1.0 | bbox=[141,50,284,290] | Phát hiện xô xát/đánh nhau/giằng co | evidence=id=52 cls=0 speed=1.771;id=55 cls=0 speed=13.213 | snapshot=alert_36.jpg crop=alert_36_crop.jpg
[10:40:45] [cam09] HUMAN_CONFLICT | conf=1.0 | bbox=[188,50,284,274] | Phát hiện xô xát/đánh nhau/giằng co | evidence=id=52 cls=0 speed=1.771;id=57 cls=0 speed=1.103 | snapshot=alert_37.jpg crop=alert_37_crop.jpg
[10:40:45] [cam09] HUMAN_CONFLICT | conf=1.0 | bbox=[141,50,281,290] | Phát hiện xô xát/đánh nhau/giằng co | evidence=id=55 cls=0 speed=13.213;id=57 cls=0 speed=1.103 | snapshot=alert_38.jpg crop=alert_38_crop.jpg
[10:40:45] [cam09] HUMAN_GROUP_CONFLICT | conf=0.96 | bbox=[141,50,284,290] | Phát hiện cụm 3 người tiếp cận/va chạm/xô xát | evidence=id=52 cls=0 speed=1.771;id=55 cls=0 speed=13.213;id=57 cls=0 speed=1.103 | snapshot=alert_39.jpg crop=alert_39_crop.jpg
[10:40:46] [cam09] HUMAN_CONFLICT | conf=1.0 | bbox=[140,50,285,296] | Phát hiện xô xát/đánh nhau/giằng co | evidence=id=52 cls=0 speed=2.398;id=55 cls=0 speed=11.735 | snapshot=alert_40.jpg crop=alert_40_crop.jpg
[10:40:46] [cam09] HUMAN_CONFLICT | conf=1.0 | bbox=[140,50,281,296] | Phát hiện xô xát/đánh nhau/giằng co | evidence=id=55 cls=0 speed=11.735;id=57 cls=0 speed=2.117 | snapshot=alert_41.jpg crop=alert_41_crop.jpg
[10:40:46] [cam09] HUMAN_CONFLICT | conf=1.0 | bbox=[140,50,285,301] | Phát hiện xô xát/đánh nhau/giằng co | evidence=id=52 cls=0 speed=3.568;id=55 cls=0 speed=9.687 | snapshot=alert_42.jpg crop=alert_42_crop.jpg
[10:40:46] [cam09] HUMAN_CONFLICT | conf=1.0 | bbox=[190,50,285,275] | Phát hiện xô xát/đánh nhau/giằng co | evidence=id=52 cls=0 speed=3.568;id=57 cls=0 speed=0.937 | snapshot=alert_43.jpg crop=alert_43_crop.jpg
[10:40:46] [cam09] HUMAN_CONFLICT | conf=1.0 | bbox=[140,50,282,301] | Phát hiện xô xát/đánh nhau/giằng co | evidence=id=55 cls=0 speed=9.687;id=57 cls=0 speed=0.937 | snapshot=alert_44.jpg crop=alert_44_crop.jpg
[10:40:46] [cam09] HUMAN_GROUP_CONFLICT | conf=0.96 | bbox=[140,50,285,301] | Phát hiện cụm 3 người tiếp cận/va chạm/xô xát | evidence=id=52 cls=0 speed=3.568;id=55 cls=0 speed=9.687;id=57 cls=0 speed=0.937 | snapshot=alert_45.jpg crop=alert_45_crop.jpg
[10:40:46] [cam09] HUMAN_CONFLICT | conf=1.0 | bbox=[142,50,282,299] | Phát hiện xô xát/đánh nhau/giằng co | evidence=id=55 cls=0 speed=6.085;id=57 cls=0 speed=0.187 | snapshot=alert_46.jpg crop=alert_46_crop.jpg
